Archive member included to satisfy reference by file (symbol)

C:\devkitPro/libnx/lib\libnx.a(hid.o)
                              main.o (hidKeysDown)
C:\devkitPro/libnx/lib\libnx.a(sm.o)
                              C:\devkitPro/libnx/lib\libnx.a(hid.o) (smGetServiceWrapper)
C:\devkitPro/libnx/lib\libnx.a(applet.o)
                              C:\devkitPro/libnx/lib\libnx.a(hid.o) (appletGetAppletResourceUserId)
C:\devkitPro/libnx/lib\libnx.a(hosversion.o)
                              C:\devkitPro/libnx/lib\libnx.a(hid.o) (hosversionGet)
C:\devkitPro/libnx/lib\libnx.a(env.o)
                              C:\devkitPro/libnx/lib\libnx.a(applet.o) (envIsNso)
C:\devkitPro/libnx/lib\libnx.a(console.o)
                              main.o (consoleInit)
C:\devkitPro/libnx/lib\libnx.a(console_sw.o)
                              C:\devkitPro/libnx/lib\libnx.a(console.o) (getDefaultConsoleRenderer)
C:\devkitPro/libnx/lib\libnx.a(svc.o)
                              C:\devkitPro/libnx/lib\libnx.a(applet.o) (svcExitProcess)
C:\devkitPro/libnx/lib\libnx.a(switch_crt0.o)
                              (_start)
C:\devkitPro/libnx/lib\libnx.a(default_font.bin.o)
                              C:\devkitPro/libnx/lib\libnx.a(console.o) (default_font_bin)
C:\devkitPro/libnx/lib\libnx.a(shmem.o)
                              C:\devkitPro/libnx/lib\libnx.a(hid.o) (shmemLoadRemote)
C:\devkitPro/libnx/lib\libnx.a(wait.o)
                              C:\devkitPro/libnx/lib\libnx.a(applet.o) (waitObjects)
C:\devkitPro/libnx/lib\libnx.a(rwlock.o)
                              C:\devkitPro/libnx/lib\libnx.a(hid.o) (rwlockReadLock)
C:\devkitPro/libnx/lib\libnx.a(tmem.o)
                              C:\devkitPro/libnx/lib\libnx.a(applet.o) (tmemCreate)
C:\devkitPro/libnx/lib\libnx.a(mutex.o)
                              C:\devkitPro/libnx/lib\libnx.a(hid.o) (mutexLock)
C:\devkitPro/libnx/lib\libnx.a(virtmem.o)
                              C:\devkitPro/libnx/lib\libnx.a(shmem.o) (virtmemReserve)
C:\devkitPro/libnx/lib\libnx.a(event.o)
                              C:\devkitPro/libnx/lib\libnx.a(hid.o) (eventLoadRemote)
C:\devkitPro/libnx/lib\libnx.a(condvar.o)
                              C:\devkitPro/libnx/lib\libnx.a(rwlock.o) (condvarWaitTimeout)
C:\devkitPro/libnx/lib\libnx.a(apm.o)
                              C:\devkitPro/libnx/lib\libnx.a(applet.o) (apmInitialize)
C:\devkitPro/libnx/lib\libnx.a(fatal.o)
                              C:\devkitPro/libnx/lib\libnx.a(sm.o) (fatalThrow)
C:\devkitPro/libnx/lib\libnx.a(framebuffer.o)
                              C:\devkitPro/libnx/lib\libnx.a(console_sw.o) (framebufferMakeLinear)
C:\devkitPro/libnx/lib\libnx.a(default_window.o)
                              C:\devkitPro/libnx/lib\libnx.a(console_sw.o) (nwindowGetDefault)
C:\devkitPro/libnx/lib\libnx.a(native_window.o)
                              C:\devkitPro/libnx/lib\libnx.a(framebuffer.o) (nwindowIsValid)
C:\devkitPro/libnx/lib\libnx.a(dynamic.o)
                              C:\devkitPro/libnx/lib\libnx.a(switch_crt0.o) (__nx_dynamic)
C:\devkitPro/libnx/lib\libnx.a(init.o)
                              C:\devkitPro/libnx/lib\libnx.a(switch_crt0.o) (__libnx_init)
C:\devkitPro/libnx/lib\libnx.a(newlib.o)
                              C:\devkitPro/libnx/lib\libnx.a(init.o) (__libnx_init_time)
C:\devkitPro/libnx/lib\libnx.a(argv.o)
                              C:\devkitPro/libnx/lib\libnx.a(init.o) (argvSetup)
C:\devkitPro/libnx/lib\libnx.a(fs_dev.o)
                              C:\devkitPro/libnx/lib\libnx.a(init.o) (fsdevMountSdmc)
C:\devkitPro/libnx/lib\libnx.a(decode_utf8.o)
                              C:\devkitPro/libnx/lib\libnx.a(fs_dev.o) (decode_utf8)
C:\devkitPro/libnx/lib\libnx.a(cache.o)
                              C:\devkitPro/libnx/lib\libnx.a(framebuffer.o) (armDCacheFlush)
C:\devkitPro/libnx/lib\libnx.a(exception.o)
                              C:\devkitPro/libnx/lib\libnx.a(switch_crt0.o) (__libnx_exception_entry)
C:\devkitPro/libnx/lib\libnx.a(readtp.o)
                              C:\devkitPro/libnx/lib\libnx.a(fs_dev.o) (__aarch64_read_tp)
C:\devkitPro/libnx/lib\libnx.a(detect.o)
                              C:\devkitPro/libnx/lib\libnx.a(fatal.o) (detectKernelVersion)
C:\devkitPro/libnx/lib\libnx.a(thread.o)
                              C:\devkitPro/libnx/lib\libnx.a(init.o) (__libnx_init_thread)
C:\devkitPro/libnx/lib\libnx.a(time.o)
                              C:\devkitPro/libnx/lib\libnx.a(init.o) (timeInitialize)
C:\devkitPro/libnx/lib\libnx.a(vi.o)
                              C:\devkitPro/libnx/lib\libnx.a(default_window.o) (viInitialize)
C:\devkitPro/libnx/lib\libnx.a(set.o)
                              C:\devkitPro/libnx/lib\libnx.a(init.o) (setsysInitialize)
C:\devkitPro/libnx/lib\libnx.a(fs.o)
                              C:\devkitPro/libnx/lib\libnx.a(init.o) (fsInitialize)
C:\devkitPro/libnx/lib\libnx.a(nv.o)
[...]
Memory Configuration

Name             Origin             Length             Attributes
*default*        0x0000000000000000 0xffffffffffffffff

Linker script and memory map

                0x0000000000000000                PROVIDE (__start__ = 0x0)
                0x0000000000000000                . = __start__
                0x0000000000000000                __code_start = .

.crt0           0x0000000000000000      0x158
 *(.crt0)
 .crt0          0x0000000000000000      0x158 C:\devkitPro/libnx/lib\libnx.a(switch_crt0.o)
                0x0000000000000000                _start
                0x0000000000000120                __nx_exit
                0x0000000000000130                __nx_mod0
                0x0000000000000158                . = ALIGN (0x8)

.init           0x0000000000000158       0x38
 *(.init)
 .init          0x0000000000000158       0x18 c:/devkitpro/devkita64/bin/../lib/gcc/aarch64-none-elf/10.1.0/pic/crti.o
                0x0000000000000158                _init
 .init          0x0000000000000170       0x1c c:/devkitpro/devkita64/bin/../lib/gcc/aarch64-none-elf/10.1.0/pic/crtn.o
                0x0000000000000190                . = ALIGN (0x8)
 *fill*         0x000000000000018c        0x4 

.plt            0x0000000000000190        0x0
 *(.plt)
 .plt           0x0000000000000190        0x0 c:/devkitpro/devkita64/bin/../lib/gcc/aarch64-none-elf/10.1.0/pic/crti.o
 *(.iplt)
                0x0000000000000190                . = ALIGN (0x8)

.text           0x00000000000001c0    0x2c700
 *(.text.unlikely .text.*_unlikely .text.unlikely.*)
 *(.text.exit .text.exit.*)
 .text.exit     0x00000000000001c0       0x38 c:/devkitpro/devkita64/bin/../lib/gcc/aarch64-none-elf/10.1.0/../../../../aarch64-none-elf/lib/pic\libg.a(lib_a-exit.o)
                0x00000000000001c0                exit
 *(.text.startup .text.startup.*)
 *fill*         0x00000000000001f8        0x8 
 .text.startup.main
                0x0000000000000200       0x28 main.o
                0x0000000000000200                main
 *(.text.hot .text.hot.*)
 *(.text .stub .text.* .gnu.linkonce.t.*)
 *fill*         0x0000000000000228        0x8 
 .text.deregister_tm_clones
                0x0000000000000230       0x30 c:/devkitpro/devkita64/bin/../lib/gcc/aarch64-none-elf/10.1.0/pic/crtbegin.o
 .text.register_tm_clones
                0x0000000000000260       0x3c c:/devkitpro/devkita64/bin/../lib/gcc/aarch64-none-elf/10.1.0/pic/crtbegin.o
 *fill*         0x000000000000029c        0x4 
 .text.__do_global_dtors_aux
                0x00000000000002a0       0x48 c:/devkitpro/devkita64/bin/../lib/gcc/aarch64-none-elf/10.1.0/pic/crtbegin.o
 *fill*         0x00000000000002e8        0x8 
 .text.frame_dummy
                0x00000000000002f0       0x34 c:/devkitpro/devkita64/bin/../lib/gcc/aarch64-none-elf/10.1.0/pic/crtbegin.o
 *fill*         0x0000000000000324        0xc 
 .text.menu     0x0000000000000330       0x5c main.o
                0x0000000000000330                menu
 *fill*         0x000000000000038c        0x4 
 .text.basic    0x0000000000000390      0x210 main.o
                0x0000000000000390                basic
 .text._hidCmdWithNoInput
                0x00000000000005a0       0xd4 C:\devkitPro/libnx/lib\libnx.a(hid.o)
 *fill*         0x0000000000000674        0xc 
 .text._hidCmdWithInputU32
                0x0000000000000680       0xe4 C:\devkitPro/libnx/lib\libnx.a(hid.o)
 *fill*         0x0000000000000764        0xc 
 .text._hidCmdWithInputU64.constprop.0
                0x0000000000000770       0xe0 C:\devkitPro/libnx/lib\libnx.a(hid.o)
 .text._hidCreateAppletResource.constprop.0
                0x0000000000000850       0xfc C:\devkitPro/libnx/lib\libnx.a(hid.o)
 *fill*         0x000000000000094c        0x4 
 .text._hidCmdGetHandle.constprop.0
                0x0000000000000950       0xc8 C:\devkitPro/libnx/lib\libnx.a(hid.o)
 *fill*         0x0000000000000a18        0x8 
 .text.hidReset
                0x0000000000000a20      0x224 C:\devkitPro/libnx/lib\libnx.a(hid.o)
                0x0000000000000a20                hidReset
 *fill*         0x0000000000000c44        0xc 
 .text.hidGetSharedmemAddr
                0x0000000000000c50        0xc C:\devkitPro/libnx/lib\libnx.a(hid.o)
                0x0000000000000c50                hidGetSharedmemAddr
 *fill*         0x0000000000000c5c        0x4 
 .text.hidKeysDown
                0x0000000000000c60       0x6c C:\devkitPro/libnx/lib\libnx.a(hid.o)
                0x0000000000000c60                hidKeysDown
 *fill*         0x0000000000000ccc        0x4 
 .text.hidTouchCount
                0x0000000000000cd0        0xc C:\devkitPro/libnx/lib\libnx.a(hid.o)
                0x0000000000000cd0                hidTouchCount
 *fill*         0x0000000000000cdc        0x4 
 .text.hidScanInput
                0x0000000000000ce0      0x5ac C:\devkitPro/libnx/lib\libnx.a(hid.o)
                0x0000000000000ce0                hidScanInput
 *fill*         0x000000000000128c        0x4 
 .text.hidSetSupportedNpadStyleSet
                0x0000000000001290        0x8 C:\devkitPro/libnx/lib\libnx.a(hid.o)
                0x0000000000001290                hidSetSupportedNpadStyleSet
 *fill*         0x0000000000001298        0x8 
 .text.hidSetSupportedNpadIdType
                0x00000000000012a0      0x180 C:\devkitPro/libnx/lib\libnx.a(hid.o)
                0x00000000000012a0                hidSetSupportedNpadIdType
 .text.hidSetNpadJoyHoldType
                0x0000000000001420        0x8 C:\devkitPro/libnx/lib\libnx.a(hid.o)
                0x0000000000001420                hidSetNpadJoyHoldType
 *fill*         0x0000000000001428        0x8 
 .text.hidSetNpadJoyAssignmentModeDual
                0x0000000000001430       0x20 C:\devkitPro/libnx/lib\libnx.a(hid.o)
                0x0000000000001430                hidSetNpadJoyAssignmentModeDual
 .text.hidFinalizeSevenSixAxisSensor
                0x0000000000001450       0x80 C:\devkitPro/libnx/lib\libnx.a(hid.o)
                0x0000000000001450                hidFinalizeSevenSixAxisSensor
 .text._hidCleanup
                0x00000000000014d0      0x12c C:\devkitPro/libnx/lib\libnx.a(hid.o)
 *fill*         0x00000000000015fc        0x4 
 .text.hidInitialize
                0x0000000000001600      0x1c4 C:\devkitPro/libnx/lib\libnx.a(hid.o)
                0x0000000000001600                hidInitialize
 *fill*         0x00000000000017c4        0xc 
 .text.hidExit  0x00000000000017d0       0x44 C:\devkitPro/libnx/lib\libnx.a(hid.o)
                0x00000000000017d0                hidExit
 *fill*         0x0000000000001814        0xc 
 .text._smCleanup
                0x0000000000001820       0x68 C:\devkitPro/libnx/lib\libnx.a(sm.o)
 *fill*         0x0000000000001888        0x8 
 .text.smAddOverrideHandle
                0x0000000000001890       0x48 C:\devkitPro/libnx/lib\libnx.a(sm.o)
                0x0000000000001890                smAddOverrideHandle
 *fill*         0x00000000000018d8        0x8 
 .text.smGetServiceOverride
                0x00000000000018e0       0x54 C:\devkitPro/libnx/lib\libnx.a(sm.o)
                0x00000000000018e0                smGetServiceOverride
 *fill*         0x0000000000001934        0xc 
 .text.smExit   0x0000000000001940       0x44 C:\devkitPro/libnx/lib\libnx.a(sm.o)
                0x0000000000001940                smExit
 *fill*         0x0000000000001984        0xc 
 .text.smGetServiceOriginal
                0x0000000000001990       0xd0 C:\devkitPro/libnx/lib\libnx.a(sm.o)
                0x0000000000001990                smGetServiceOriginal
 .text.smInitialize
                0x0000000000001a60      0x280 C:\devkitPro/libnx/lib\libnx.a(sm.o)
                0x0000000000001a60                smInitialize
 .text.smGetServiceWrapper
                0x0000000000001ce0      0x120 C:\devkitPro/libnx/lib\libnx.a(sm.o)
                0x0000000000001ce0                smGetServiceWrapper
 .text._appletInfiniteSleepLoop
                0x0000000000001e00       0x24 C:\devkitPro/libnx/lib\libnx.a(applet.o)
 *fill*         0x0000000000001e24        0xc 
 .text._appletCmdGetSession
                0x0000000000001e30       0xf0 C:\devkitPro/libnx/lib\libnx.a(applet.o)
 .text._appletCmdInU8NoOut
                0x0000000000001f20       0xcc C:\devkitPro/libnx/lib\libnx.a(applet.o)
 *fill*         0x0000000000001fec        0x4 
 .text._appletGetLaunchReason
                0x0000000000001ff0      0x110 C:\devkitPro/libnx/lib\libnx.a(applet.o)
 .text._appletSetFocusHandlingMode
                0x0000000000002100       0xe4 C:\devkitPro/libnx/lib\libnx.a(applet.o)
 *fill*         0x00000000000021e4        0xc 
 .text._appletCmdInU32NoOut
                0x00000000000021f0       0xcc C:\devkitPro/libnx/lib\libnx.a(applet.o)
 *fill*         0x00000000000022bc        0x4 
 .text._appletGetSessionProxy.constprop.0
                0x00000000000022c0      0x118 C:\devkitPro/libnx/lib\libnx.a(applet.o)
 *fill*         0x00000000000023d8        0x8 
 .text._appletOpenLibraryAppletProxy.constprop.0
                0x00000000000023e0      0x134 C:\devkitPro/libnx/lib\libnx.a(applet.o)
 *fill*         0x0000000000002514        0xc 
 .text._appletCmdGetHandle.constprop.0.isra.0
                0x0000000000002520       0xd0 C:\devkitPro/libnx/lib\libnx.a(applet.o)
 .text._appletCmdNoInOutU8.isra.0
                0x00000000000025f0       0xd4 C:\devkitPro/libnx/lib\libnx.a(applet.o)
 *fill*         0x00000000000026c4        0xc 
 .text._appletCmdNoInOutU32.isra.0
                0x00000000000026d0       0xd4 C:\devkitPro/libnx/lib\libnx.a(applet.o)
 *fill*         0x00000000000027a4        0xc 
 .text._appletCmdNoInOutU64.isra.0
                0x00000000000027b0       0xd4 C:\devkitPro/libnx/lib\libnx.a(applet.o)
 *fill*         0x0000000000002884        0xc 
 .text._appletCmdNoIO.isra.0
                0x0000000000002890       0xc0 C:\devkitPro/libnx/lib\libnx.a(applet.o)
 .text.appletGetAppletType
                0x0000000000002950       0x10 C:\devkitPro/libnx/lib\libnx.a(applet.o)
                0x0000000000002950                appletGetAppletType
 .text.appletSetFocusHandlingMode
                0x0000000000002960      0x118 C:\devkitPro/libnx/lib\libnx.a(applet.o)
                0x0000000000002960                appletSetFocusHandlingMode
 *fill*         0x0000000000002a78        0x8 
 .text.appletSetCpuBoostMode
                0x0000000000002a80       0x5c C:\devkitPro/libnx/lib\libnx.a(applet.o)
                0x0000000000002a80                appletSetCpuBoostMode
 *fill*         0x0000000000002adc        0x4 
 .text.appletCreateManagedDisplayLayer
                0x0000000000002ae0       0x2c C:\devkitPro/libnx/lib\libnx.a(applet.o)
                0x0000000000002ae0                appletCreateManagedDisplayLayer
 *fill*         0x0000000000002b0c        0x4 
 .text.appletGetAppletResourceUserId
                0x0000000000002b10        0xc C:\devkitPro/libnx/lib\libnx.a(applet.o)
                0x0000000000002b10                appletGetAppletResourceUserId
 *fill*         0x0000000000002b1c        0x4 
 .text._appletGetIndirectLayerConsumerHandle
                0x0000000000002b20       0xf8 C:\devkitPro/libnx/lib\libnx.a(applet.o)
 *fill*         0x0000000000002c18        0x8 
 .text._appletHolderCreateState
                0x0000000000002c20       0x88 C:\devkitPro/libnx/lib\libnx.a(applet.o)
 *fill*         0x0000000000002ca8        0x8 
 .text.appletHolderClose
                0x0000000000002cb0       0xb4 C:\devkitPro/libnx/lib\libnx.a(applet.o)
                0x0000000000002cb0                appletHolderClose
 *fill*         0x0000000000002d64        0xc 
 .text.appletHolderGetLibraryAppletInfo
                0x0000000000002d70       0x24 C:\devkitPro/libnx/lib\libnx.a(applet.o)
                0x0000000000002d70                appletHolderGetLibraryAppletInfo
 *fill*         0x0000000000002d94        0xc 
 .text.appletNotifyRunning
                0x0000000000002da0       0x90 C:\devkitPro/libnx/lib\libnx.a(applet.o)
                0x0000000000002da0                appletNotifyRunning
 .text.appletSetGamePlayRecordingState
                0x0000000000002e30       0x8c C:\devkitPro/libnx/lib\libnx.a(applet.o)
                0x0000000000002e30                appletSetGamePlayRecordingState
 *fill*         0x0000000000002ebc        0x4 
 .text._appletCleanup
                0x0000000000002ec0      0xac4 C:\devkitPro/libnx/lib\libnx.a(applet.o)
 *fill*         0x0000000000003984        0xc 
 .text.appletExit
                0x0000000000003990       0x44 C:\devkitPro/libnx/lib\libnx.a(applet.o)
                0x0000000000003990                appletExit
 *fill*         0x00000000000039d4        0xc 
 .text.appletGetLibraryAppletInfo
                0x00000000000039e0       0x40 C:\devkitPro/libnx/lib\libnx.a(applet.o)
                0x00000000000039e0                appletGetLibraryAppletInfo
 .text.appletInitialize
                0x0000000000003a20      0xa28 C:\devkitPro/libnx/lib\libnx.a(applet.o)
                0x0000000000003a20                appletInitialize
 *fill*         0x0000000000004448        0x8 
 .text._appletExitProcess
                0x0000000000004450       0x24 C:\devkitPro/libnx/lib\libnx.a(applet.o)
 *fill*         0x0000000000004474        0xc 
 .text.appletGetMessage
                0x0000000000004480       0x74 C:\devkitPro/libnx/lib\libnx.a(applet.o)
                0x0000000000004480                appletGetMessage
 *fill*         0x00000000000044f4        0xc 
 .text.appletProcessMessage
                0x0000000000004500      0x248 C:\devkitPro/libnx/lib\libnx.a(applet.o)
                0x0000000000004500                appletProcessMessage
 *fill*         0x0000000000004748        0x8 
 .text.appletMainLoop
                0x0000000000004750       0x34 C:\devkitPro/libnx/lib\libnx.a(applet.o)
                0x0000000000004750                appletMainLoop
 *fill*         0x0000000000004784        0xc 
 .text.hosversionGet
                0x0000000000004790       0x10 C:\devkitPro/libnx/lib\libnx.a(hosversion.o)
                0x0000000000004790                hosversionGet
 .text.hosversionSet
                0x00000000000047a0       0x10 C:\devkitPro/libnx/lib\libnx.a(hosversion.o)
                0x00000000000047a0                hosversionSet
 .text.envSetup
                0x00000000000047b0      0x234 C:\devkitPro/libnx/lib\libnx.a(env.o)
                0x00000000000047b0                envSetup
 *fill*         0x00000000000049e4        0xc 
 .text.envGetMainThreadHandle
                0x00000000000049f0       0x20 C:\devkitPro/libnx/lib\libnx.a(env.o)
                0x00000000000049f0                envGetMainThreadHandle
 .text.envIsNso
                0x0000000000004a10        0xc C:\devkitPro/libnx/lib\libnx.a(env.o)
                0x0000000000004a10                envIsNso
 *fill*         0x0000000000004a1c        0x4 
 .text.envHasHeapOverride
                0x0000000000004a20       0x14 C:\devkitPro/libnx/lib\libnx.a(env.o)
                0x0000000000004a20                envHasHeapOverride
 *fill*         0x0000000000004a34        0xc 
 .text.envGetHeapOverrideAddr
                0x0000000000004a40        0xc C:\devkitPro/libnx/lib\libnx.a(env.o)
                0x0000000000004a40                envGetHeapOverrideAddr
 *fill*         0x0000000000004a4c        0x4 
 .text.envGetHeapOverrideSize
                0x0000000000004a50        0xc C:\devkitPro/libnx/lib\libnx.a(env.o)
                0x0000000000004a50                envGetHeapOverrideSize
 *fill*         0x0000000000004a5c        0x4 
 .text.envHasArgv
                0x0000000000004a60       0x14 C:\devkitPro/libnx/lib\libnx.a(env.o)
                0x0000000000004a60                envHasArgv
 *fill*         0x0000000000004a74        0xc 
 .text.envGetArgv
                0x0000000000004a80        0xc C:\devkitPro/libnx/lib\libnx.a(env.o)
                0x0000000000004a80                envGetArgv
 *fill*         0x0000000000004a8c        0x4 
 .text.envGetExitFuncPtr
                0x0000000000004a90        0xc C:\devkitPro/libnx/lib\libnx.a(env.o)
                0x0000000000004a90                envGetExitFuncPtr
 *fill*         0x0000000000004a9c        0x4 
 .text.envSetExitFuncPtr
                0x0000000000004aa0        0xc C:\devkitPro/libnx/lib\libnx.a(env.o)
                0x0000000000004aa0                envSetExitFuncPtr
 *fill*         0x0000000000004aac        0x4 
 .text.consoleDrawChar
                0x0000000000004ab0       0x48 C:\devkitPro/libnx/lib\libnx.a(console.o)
 *fill*         0x0000000000004af8        0x8 
 .text.consoleNewRow
                0x0000000000004b00       0xb0 C:\devkitPro/libnx/lib\libnx.a(console.o)
 .text.con_write
                0x0000000000004bb0      0xc4c C:\devkitPro/libnx/lib\libnx.a(console.o)
 *fill*         0x00000000000057fc        0x4 
 .text.consoleInit
                0x0000000000005800      0x170 C:\devkitPro/libnx/lib\libnx.a(console.o)
                0x0000000000005800                consoleInit
 .text.consoleExit
                0x0000000000005970       0x48 C:\devkitPro/libnx/lib\libnx.a(console.o)
                0x0000000000005970                consoleExit
 *fill*         0x00000000000059b8        0x8 
 .text.consoleUpdate
                0x00000000000059c0       0x2c C:\devkitPro/libnx/lib\libnx.a(console.o)
                0x00000000000059c0                consoleUpdate
 *fill*         0x00000000000059ec        0x4 
 .text.consoleClear
                0x00000000000059f0        0xc C:\devkitPro/libnx/lib\libnx.a(console.o)
                0x00000000000059f0                consoleClear
 *fill*         0x00000000000059fc        0x4 
 .text.ConsoleSwRenderer_drawChar
                0x0000000000005a00      0x194 C:\devkitPro/libnx/lib\libnx.a(console_sw.o)
 *fill*         0x0000000000005b94        0xc 
 .text.ConsoleSwRenderer_init
                0x0000000000005ba0       0xfc C:\devkitPro/libnx/lib\libnx.a(console_sw.o)
 *fill*         0x0000000000005c9c        0x4 
 .text.ConsoleSwRenderer_flushAndSwap
                0x0000000000005ca0       0x70 C:\devkitPro/libnx/lib\libnx.a(console_sw.o)
 .text.ConsoleSwRenderer_scrollWindow
                0x0000000000005d10       0xc8 C:\devkitPro/libnx/lib\libnx.a(console_sw.o)
 *fill*         0x0000000000005dd8        0x8 
 .text.ConsoleSwRenderer_deinit
                0x0000000000005de0       0x4c C:\devkitPro/libnx/lib\libnx.a(console_sw.o)
 *fill*         0x0000000000005e2c        0x4 
 .text.getDefaultConsoleRenderer
                0x0000000000005e30        0xc C:\devkitPro/libnx/lib\libnx.a(console_sw.o)
                0x0000000000005e30                getDefaultConsoleRenderer
 .text.svcSetHeapSize
                0x0000000000005e3c       0x14 C:\devkitPro/libnx/lib\libnx.a(svc.o)
                0x0000000000005e3c                svcSetHeapSize
 .text.svcSetMemoryAttribute
                0x0000000000005e50        0x8 C:\devkitPro/libnx/lib\libnx.a(svc.o)
                0x0000000000005e50                svcSetMemoryAttribute
 .text.svcUnmapMemory
                0x0000000000005e58        0x8 C:\devkitPro/libnx/lib\libnx.a(svc.o)
                0x0000000000005e58                svcUnmapMemory
 .text.svcQueryMemory
                0x0000000000005e60       0x14 C:\devkitPro/libnx/lib\libnx.a(svc.o)
                0x0000000000005e60                svcQueryMemory
 .text.svcExitProcess
                0x0000000000005e74        0x8 C:\devkitPro/libnx/lib\libnx.a(svc.o)
                0x0000000000005e74                svcExitProcess
 .text.svcSleepThread
                0x0000000000005e7c        0x8 C:\devkitPro/libnx/lib\libnx.a(svc.o)
                0x0000000000005e7c                svcSleepThread
 .text.svcMapSharedMemory
                0x0000000000005e84        0x8 C:\devkitPro/libnx/lib\libnx.a(svc.o)
                0x0000000000005e84                svcMapSharedMemory
 .text.svcUnmapSharedMemory
                0x0000000000005e8c        0x8 C:\devkitPro/libnx/lib\libnx.a(svc.o)
                0x0000000000005e8c                svcUnmapSharedMemory
 .text.svcCreateTransferMemory
                0x0000000000005e94       0x14 C:\devkitPro/libnx/lib\libnx.a(svc.o)
                0x0000000000005e94                svcCreateTransferMemory
 .text.svcCloseHandle
                0x0000000000005ea8        0x8 C:\devkitPro/libnx/lib\libnx.a(svc.o)
                0x0000000000005ea8                svcCloseHandle
 .text.svcResetSignal
                0x0000000000005eb0        0x8 C:\devkitPro/libnx/lib\libnx.a(svc.o)
                0x0000000000005eb0                svcResetSignal
 .text.svcWaitSynchronization
                0x0000000000005eb8       0x14 C:\devkitPro/libnx/lib\libnx.a(svc.o)
                0x0000000000005eb8                svcWaitSynchronization
 .text.svcArbitrateLock
                0x0000000000005ecc        0x8 C:\devkitPro/libnx/lib\libnx.a(svc.o)
                0x0000000000005ecc                svcArbitrateLock
 .text.svcArbitrateUnlock
                0x0000000000005ed4        0x8 C:\devkitPro/libnx/lib\libnx.a(svc.o)
                0x0000000000005ed4                svcArbitrateUnlock
 .text.svcWaitProcessWideKeyAtomic
                0x0000000000005edc        0x8 C:\devkitPro/libnx/lib\libnx.a(svc.o)
                0x0000000000005edc                svcWaitProcessWideKeyAtomic
 .text.svcSignalProcessWideKey
                0x0000000000005ee4        0x8 C:\devkitPro/libnx/lib\libnx.a(svc.o)
                0x0000000000005ee4                svcSignalProcessWideKey
 .text.svcConnectToNamedPort
                0x0000000000005eec       0x14 C:\devkitPro/libnx/lib\libnx.a(svc.o)
                0x0000000000005eec                svcConnectToNamedPort
 .text.svcSendSyncRequest
                0x0000000000005f00        0x8 C:\devkitPro/libnx/lib\libnx.a(svc.o)
                0x0000000000005f00                svcSendSyncRequest
 .text.svcBreak
                0x0000000000005f08        0x8 C:\devkitPro/libnx/lib\libnx.a(svc.o)
                0x0000000000005f08                svcBreak
 .text.svcReturnFromException
                0x0000000000005f10        0x8 C:\devkitPro/libnx/lib\libnx.a(svc.o)
                0x0000000000005f10                svcReturnFromException
 .text.svcGetInfo
                0x0000000000005f18       0x14 C:\devkitPro/libnx/lib\libnx.a(svc.o)
                0x0000000000005f18                svcGetInfo
 .text.svcUnmapTransferMemory
                0x0000000000005f2c        0x8 C:\devkitPro/libnx/lib\libnx.a(svc.o)
                0x0000000000005f2c                svcUnmapTransferMemory
 *fill*         0x0000000000005f34        0xc 
 .text.shmemLoadRemote
                0x0000000000005f40       0x14 C:\devkitPro/libnx/lib\libnx.a(shmem.o)
                0x0000000000005f40                shmemLoadRemote
 *fill*         0x0000000000005f54        0xc 
 .text.shmemMap
                0x0000000000005f60       0x84 C:\devkitPro/libnx/lib\libnx.a(shmem.o)
                0x0000000000005f60                shmemMap
 *fill*         0x0000000000005fe4        0xc 
 .text.shmemUnmap
                0x0000000000005ff0       0x58 C:\devkitPro/libnx/lib\libnx.a(shmem.o)
                0x0000000000005ff0                shmemUnmap
 *fill*         0x0000000000006048        0x8 
 .text.shmemClose
                0x0000000000006050       0x44 C:\devkitPro/libnx/lib\libnx.a(shmem.o)
                0x0000000000006050                shmemClose
 *fill*         0x0000000000006094        0xc 
 .text.waitObjects
                0x00000000000060a0      0x45c C:\devkitPro/libnx/lib\libnx.a(wait.o)
                0x00000000000060a0                waitObjects
 *fill*         0x00000000000064fc        0x4 
 .text.rwlockReadLock
                0x0000000000006500       0x98 C:\devkitPro/libnx/lib\libnx.a(rwlock.o)
                0x0000000000006500                rwlockReadLock
 *fill*         0x0000000000006598        0x8 
 .text.rwlockReadUnlock
                0x00000000000065a0       0xb4 C:\devkitPro/libnx/lib\libnx.a(rwlock.o)
                0x00000000000065a0                rwlockReadUnlock
 *fill*         0x0000000000006654        0xc 
 .text.rwlockWriteLock
                0x0000000000006660       0xa4 C:\devkitPro/libnx/lib\libnx.a(rwlock.o)
                0x0000000000006660                rwlockWriteLock
 *fill*         0x0000000000006704        0xc 
 .text.rwlockWriteUnlock
                0x0000000000006710       0x78 C:\devkitPro/libnx/lib\libnx.a(rwlock.o)
                0x0000000000006710                rwlockWriteUnlock
 *fill*         0x0000000000006788        0x8 
 .text.tmemCreate
                0x0000000000006790       0xa8 C:\devkitPro/libnx/lib\libnx.a(tmem.o)
                0x0000000000006790                tmemCreate
 *fill*         0x0000000000006838        0x8 
 .text.tmemUnmap
                0x0000000000006840       0x58 C:\devkitPro/libnx/lib\libnx.a(tmem.o)
                0x0000000000006840                tmemUnmap
 *fill*         0x0000000000006898        0x8 
 .text.tmemClose
                0x00000000000068a0       0x68 C:\devkitPro/libnx/lib\libnx.a(tmem.o)
                0x00000000000068a0                tmemClose
 *fill*         0x0000000000006908        0x8 
 .text.mutexLock
                0x0000000000006910       0x80 C:\devkitPro/libnx/lib\libnx.a(mutex.o)
                0x0000000000006910                mutexLock
 .text.mutexUnlock
                0x0000000000006990       0x68 C:\devkitPro/libnx/lib\libnx.a(mutex.o)
                0x0000000000006990                mutexUnlock
 *fill*         0x00000000000069f8        0x8 
 .text.rmutexLock
                0x0000000000006a00       0x4c C:\devkitPro/libnx/lib\libnx.a(mutex.o)
                0x0000000000006a00                rmutexLock
 *fill*         0x0000000000006a4c        0x4 
 .text.rmutexUnlock
                0x0000000000006a50       0x1c C:\devkitPro/libnx/lib\libnx.a(mutex.o)
                0x0000000000006a50                rmutexUnlock
 *fill*         0x0000000000006a6c        0x4 
 .text._GetRegionFromInfo
                0x0000000000006a70       0x64 C:\devkitPro/libnx/lib\libnx.a(virtmem.o)
 *fill*         0x0000000000006ad4        0xc 
 .text.virtmemSetup
                0x0000000000006ae0      0x104 C:\devkitPro/libnx/lib\libnx.a(virtmem.o)
                0x0000000000006ae0                virtmemSetup
 *fill*         0x0000000000006be4        0xc 
 .text.virtmemReserve
                0x0000000000006bf0      0x10c C:\devkitPro/libnx/lib\libnx.a(virtmem.o)
                0x0000000000006bf0                virtmemReserve
 *fill*         0x0000000000006cfc        0x4 
 .text.virtmemFree
                0x0000000000006d00        0x4 C:\devkitPro/libnx/lib\libnx.a(virtmem.o)
                0x0000000000006d00                virtmemFree
 *fill*         0x0000000000006d04        0xc 
 .text.eventLoadRemote
                0x0000000000006d10        0xc C:\devkitPro/libnx/lib\libnx.a(event.o)
                0x0000000000006d10                eventLoadRemote
 *fill*         0x0000000000006d1c        0x4 
 .text.eventWait
                0x0000000000006d20       0x38 C:\devkitPro/libnx/lib\libnx.a(event.o)
                0x0000000000006d20                eventWait
 *fill*         0x0000000000006d58        0x8 
 .text.eventClose
                0x0000000000006d60       0x50 C:\devkitPro/libnx/lib\libnx.a(event.o)
                0x0000000000006d60                eventClose
 .text.condvarWaitTimeout
                0x0000000000006db0       0x60 C:\devkitPro/libnx/lib\libnx.a(condvar.o)
                0x0000000000006db0                condvarWaitTimeout
 .text._apmCleanup
                0x0000000000006e10       0xc0 C:\devkitPro/libnx/lib\libnx.a(apm.o)
 .text._apmCmdGetSession.constprop.0
                0x0000000000006ed0       0xe0 C:\devkitPro/libnx/lib\libnx.a(apm.o)
 .text.apmInitialize
                0x0000000000006fb0       0xa0 C:\devkitPro/libnx/lib\libnx.a(apm.o)
                0x0000000000006fb0                apmInitialize
 .text.apmExit  0x0000000000007050       0x44 C:\devkitPro/libnx/lib\libnx.a(apm.o)
                0x0000000000007050                apmExit
 *fill*         0x0000000000007094        0xc 
 .text.apmSetPerformanceConfiguration
                0x00000000000070a0       0xc8 C:\devkitPro/libnx/lib\libnx.a(apm.o)
                0x00000000000070a0                apmSetPerformanceConfiguration
 *fill*         0x0000000000007168        0x8 
 .text._fatalCmd
                0x0000000000007170      0x198 C:\devkitPro/libnx/lib\libnx.a(fatal.o)
 *fill*         0x0000000000007308        0x8 
 .text.fatalThrowWithPolicy
                0x0000000000007310        0xc C:\devkitPro/libnx/lib\libnx.a(fatal.o)
                0x0000000000007310                fatalThrowWithPolicy
 *fill*         0x000000000000731c        0x4 
 .text.fatalThrow
                0x0000000000007320       0x14 C:\devkitPro/libnx/lib\libnx.a(fatal.o)
                0x0000000000007320                fatalThrow
                0x0000000000007320                fatalSimple
 *fill*         0x0000000000007334        0xc 
 .text.framebufferMakeLinear
                0x0000000000007340       0x80 C:\devkitPro/libnx/lib\libnx.a(framebuffer.o)
                0x0000000000007340                framebufferMakeLinear
 .text.framebufferClose
                0x00000000000073c0       0x84 C:\devkitPro/libnx/lib\libnx.a(framebuffer.o)
                0x00000000000073c0                framebufferClose
 *fill*         0x0000000000007444        0xc 
 .text.framebufferCreate
                0x0000000000007450      0x2a0 C:\devkitPro/libnx/lib\libnx.a(framebuffer.o)
                0x0000000000007450                framebufferCreate
 .text.framebufferBegin
                0x00000000000076f0       0x88 C:\devkitPro/libnx/lib\libnx.a(framebuffer.o)
                0x00000000000076f0                framebufferBegin
 *fill*         0x0000000000007778        0x8 
 .text.framebufferEnd
                0x0000000000007780      0x174 C:\devkitPro/libnx/lib\libnx.a(framebuffer.o)
                0x0000000000007780                framebufferEnd
 *fill*         0x00000000000078f4        0xc 
 .text.nwindowGetDefault
                0x0000000000007900        0xc C:\devkitPro/libnx/lib\libnx.a(default_window.o)
                0x0000000000007900                nwindowGetDefault
 *fill*         0x000000000000790c        0x4 
 .text.__nx_win_init
                0x0000000000007910       0xc0 C:\devkitPro/libnx/lib\libnx.a(default_window.o)
                0x0000000000007910                __nx_win_init
 .text.__nx_win_exit
                0x00000000000079d0       0x34 C:\devkitPro/libnx/lib\libnx.a(default_window.o)
                0x00000000000079d0                __nx_win_exit
 *fill*         0x0000000000007a04        0xc 
 .text.nwindowIsValid
                0x0000000000007a10       0x24 C:\devkitPro/libnx/lib\libnx.a(native_window.o)
                0x0000000000007a10                nwindowIsValid
 *fill*         0x0000000000007a34        0xc 
 .text.nwindowClose
                0x0000000000007a40       0x8c C:\devkitPro/libnx/lib\libnx.a(native_window.o)
                0x0000000000007a40                nwindowClose
 *fill*         0x0000000000007acc        0x4 
 .text.nwindowCreate
                0x0000000000007ad0       0xf8 C:\devkitPro/libnx/lib\libnx.a(native_window.o)
                0x0000000000007ad0                nwindowCreate
 *fill*         0x0000000000007bc8        0x8 
 .text.nwindowCreateFromLayer
                0x0000000000007bd0       0x34 C:\devkitPro/libnx/lib\libnx.a(native_window.o)
                0x0000000000007bd0                nwindowCreateFromLayer
 *fill*         0x0000000000007c04        0xc 
 .text.nwindowSetDimensions
                0x0000000000007c10       0x88 C:\devkitPro/libnx/lib\libnx.a(native_window.o)
                0x0000000000007c10                nwindowSetDimensions
 *fill*         0x0000000000007c98        0x8 
 .text.nwindowConfigureBuffer
                0x0000000000007ca0      0x190 C:\devkitPro/libnx/lib\libnx.a(native_window.o)
                0x0000000000007ca0                nwindowConfigureBuffer
 .text.nwindowDequeueBuffer
                0x0000000000007e30      0x1dc C:\devkitPro/libnx/lib\libnx.a(native_window.o)
                0x0000000000007e30                nwindowDequeueBuffer
 *fill*         0x000000000000800c        0x4 
 .text.nwindowQueueBuffer
                0x0000000000008010      0x144 C:\devkitPro/libnx/lib\libnx.a(native_window.o)
                0x0000000000008010                nwindowQueueBuffer
 *fill*         0x0000000000008154        0xc 
 .text.nwindowReleaseBuffers
                0x0000000000008160       0x98 C:\devkitPro/libnx/lib\libnx.a(native_window.o)
                0x0000000000008160                nwindowReleaseBuffers
 *fill*         0x00000000000081f8        0x8 
 .text.__nx_dynamic
                0x0000000000008200       0xa0 C:\devkitPro/libnx/lib\libnx.a(dynamic.o)
                0x0000000000008200                __nx_dynamic
 .text.__libnx_initheap
                0x00000000000082a0       0xd8 C:\devkitPro/libnx/lib\libnx.a(init.o)
                0x00000000000082a0                __libnx_initheap
 *fill*         0x0000000000008378        0x8 
 .text.__appInit
                0x0000000000008380       0xec C:\devkitPro/libnx/lib\libnx.a(init.o)
                0x0000000000008380                __appInit
 *fill*         0x000000000000846c        0x4 
 .text.__appExit
                0x0000000000008470       0x44 C:\devkitPro/libnx/lib\libnx.a(init.o)
                0x0000000000008470                __appExit
 *fill*         0x00000000000084b4        0xc 
 .text.__libnx_init
                0x00000000000084c0       0x2c C:\devkitPro/libnx/lib\libnx.a(init.o)
                0x00000000000084c0                __libnx_init
 *fill*         0x00000000000084ec        0x4 
 .text.__libnx_exit
                0x00000000000084f0       0x20 C:\devkitPro/libnx/lib\libnx.a(init.o)
                0x00000000000084f0                __libnx_exit
 .text.__syscall_exit
                0x0000000000008510       0x1c C:\devkitPro/libnx/lib\libnx.a(newlib.o)
                0x0000000000008510                __syscall_exit
 *fill*         0x000000000000852c        0x4 
 .text.__syscall_getreent
                0x0000000000008530       0x34 C:\devkitPro/libnx/lib\libnx.a(newlib.o)
                0x0000000000008530                __syscall_getreent
 *fill*         0x0000000000008564        0xc 
 .text.__syscall_lock_acquire
                0x0000000000008570        0x4 C:\devkitPro/libnx/lib\libnx.a(newlib.o)
                0x0000000000008570                __syscall_lock_acquire
 *fill*         0x0000000000008574        0xc 
 .text.__syscall_lock_release
                0x0000000000008580        0x4 C:\devkitPro/libnx/lib\libnx.a(newlib.o)
                0x0000000000008580                __syscall_lock_release
 *fill*         0x0000000000008584        0xc 
 .text.__syscall_lock_acquire_recursive
                0x0000000000008590        0x4 C:\devkitPro/libnx/lib\libnx.a(newlib.o)
                0x0000000000008590                __syscall_lock_acquire_recursive
 *fill*         0x0000000000008594        0xc 
 .text.__syscall_lock_release_recursive
                0x00000000000085a0        0x4 C:\devkitPro/libnx/lib\libnx.a(newlib.o)
                0x00000000000085a0                __syscall_lock_release_recursive
 *fill*         0x00000000000085a4        0xc 
 .text.__libnx_init_time
                0x00000000000085b0      0x228 C:\devkitPro/libnx/lib\libnx.a(newlib.o)
                0x00000000000085b0                __libnx_init_time
 *fill*         0x00000000000087d8        0x8 
 .text.newlibSetup
                0x00000000000087e0       0x84 C:\devkitPro/libnx/lib\libnx.a(newlib.o)
                0x00000000000087e0                newlibSetup
 *fill*         0x0000000000008864        0xc 
 .text.argvSetup
                0x0000000000008870      0x324 C:\devkitPro/libnx/lib\libnx.a(argv.o)
                0x0000000000008870                argvSetup
 *fill*         0x0000000000008b94        0xc 
 .text.fsdev_link
                0x0000000000008ba0       0x14 C:\devkitPro/libnx/lib\libnx.a(fs_dev.o)
 *fill*         0x0000000000008bb4        0xc 
 .text.fsdev_dirreset
                0x0000000000008bc0       0x14 C:\devkitPro/libnx/lib\libnx.a(fs_dev.o)
 *fill*         0x0000000000008bd4        0xc 
 .text.fsdev_chmod
                0x0000000000008be0       0x14 C:\devkitPro/libnx/lib\libnx.a(fs_dev.o)
 *fill*         0x0000000000008bf4        0xc 
 .text.error_cmp
                0x0000000000008c00       0x18 C:\devkitPro/libnx/lib\libnx.a(fs_dev.o)
 *fill*         0x0000000000008c18        0x8 
 .text.fsdev_dirclose
                0x0000000000008c20       0x20 C:\devkitPro/libnx/lib\libnx.a(fs_dev.o)
 .text.fsdev_close
                0x0000000000008c40       0x1c C:\devkitPro/libnx/lib\libnx.a(fs_dev.o)
 *fill*         0x0000000000008c5c        0x4 
 .text.fsdev_converttimetoutc
                0x0000000000008c60       0x80 C:\devkitPro/libnx/lib\libnx.a(fs_dev.o)
 .text.fsdevFindDevice.part.0
                0x0000000000008ce0       0xb8 C:\devkitPro/libnx/lib\libnx.a(fs_dev.o)
 *fill*         0x0000000000008d98        0x8 
 .text.fsdev_fixpath
                0x0000000000008da0      0x1e0 C:\devkitPro/libnx/lib\libnx.a(fs_dev.o)
 .text._fsdevUnmountDeviceStruct.part.0
                0x0000000000008f80       0xa0 C:\devkitPro/libnx/lib\libnx.a(fs_dev.o)
 .text.fsdev_fchmod
                0x0000000000009020       0x14 C:\devkitPro/libnx/lib\libnx.a(fs_dev.o)
 *fill*         0x0000000000009034        0xc 
 .text.fsdev_diropen
                0x0000000000009040      0x108 C:\devkitPro/libnx/lib\libnx.a(fs_dev.o)
 *fill*         0x0000000000009148        0x8 
 .text.fsdev_fsync
                0x0000000000009150       0x7c C:\devkitPro/libnx/lib\libnx.a(fs_dev.o)
 *fill*         0x00000000000091cc        0x4 
 .text.fsdev_fstat
                0x00000000000091d0      0x110 C:\devkitPro/libnx/lib\libnx.a(fs_dev.o)
 .text.fsdev_ftruncate
                0x00000000000092e0       0x94 C:\devkitPro/libnx/lib\libnx.a(fs_dev.o)
 *fill*         0x0000000000009374        0xc 
 .text.fsdev_stat
                0x0000000000009380      0x20c C:\devkitPro/libnx/lib\libnx.a(fs_dev.o)
 *fill*         0x000000000000958c        0x4 
 .text.fsdev_rename
                0x0000000000009590      0x158 C:\devkitPro/libnx/lib\libnx.a(fs_dev.o)
 *fill*         0x00000000000096e8        0x8 
 .text.fsdev_chdir
                0x00000000000096f0      0x14c C:\devkitPro/libnx/lib\libnx.a(fs_dev.o)
 *fill*         0x000000000000983c        0x4 
 .text.fsdev_mkdir
                0x0000000000009840       0xac C:\devkitPro/libnx/lib\libnx.a(fs_dev.o)
 *fill*         0x00000000000098ec        0x4 
 .text.fsdev_rmdir
                0x00000000000098f0       0xac C:\devkitPro/libnx/lib\libnx.a(fs_dev.o)
 *fill*         0x000000000000999c        0x4 
 .text.fsdev_unlink
                0x00000000000099a0       0xac C:\devkitPro/libnx/lib\libnx.a(fs_dev.o)
 *fill*         0x0000000000009a4c        0x4 
 .text.fsdev_statvfs
                0x0000000000009a50      0x104 C:\devkitPro/libnx/lib\libnx.a(fs_dev.o)
 *fill*         0x0000000000009b54        0xc 
 .text.fsdev_write_safe
                0x0000000000009b60      0x13c C:\devkitPro/libnx/lib\libnx.a(fs_dev.o)
 *fill*         0x0000000000009c9c        0x4 
 .text.fsdev_read_safe
                0x0000000000009ca0      0x13c C:\devkitPro/libnx/lib\libnx.a(fs_dev.o)
 *fill*         0x0000000000009ddc        0x4 
 .text.fsdev_read
                0x0000000000009de0      0x100 C:\devkitPro/libnx/lib\libnx.a(fs_dev.o)
 .text.fsdev_dirnext
                0x0000000000009ee0      0x1bc C:\devkitPro/libnx/lib\libnx.a(fs_dev.o)
 *fill*         0x000000000000a09c        0x4 
 .text.fsdev_write
                0x000000000000a0a0      0x120 C:\devkitPro/libnx/lib\libnx.a(fs_dev.o)
 .text.fsdev_seek
                0x000000000000a1c0       0xe4 C:\devkitPro/libnx/lib\libnx.a(fs_dev.o)
 *fill*         0x000000000000a2a4        0xc 
 .text.fsdev_open
                0x000000000000a2b0      0x244 C:\devkitPro/libnx/lib\libnx.a(fs_dev.o)
 *fill*         0x000000000000a4f4        0xc 
 .text.fsdevMountDevice
                0x000000000000a500      0x218 C:\devkitPro/libnx/lib\libnx.a(fs_dev.o)
                0x000000000000a500                fsdevMountDevice
 *fill*         0x000000000000a718        0x8 
 .text.fsdevMountSdmc
                0x000000000000a720       0x48 C:\devkitPro/libnx/lib\libnx.a(fs_dev.o)
                0x000000000000a720                fsdevMountSdmc
 *fill*         0x000000000000a768        0x8 
 .text.__libnx_init_cwd
                0x000000000000a770       0xcc C:\devkitPro/libnx/lib\libnx.a(fs_dev.o)
                0x000000000000a770                __libnx_init_cwd
 *fill*         0x000000000000a83c        0x4 
 .text.fsdevUnmountAll
                0x000000000000a840       0x64 C:\devkitPro/libnx/lib\libnx.a(fs_dev.o)
                0x000000000000a840                fsdevUnmountAll
 *fill*         0x000000000000a8a4        0xc 
 .text.decode_utf8
                0x000000000000a8b0      0x12c C:\devkitPro/libnx/lib\libnx.a(decode_utf8.o)
                0x000000000000a8b0                decode_utf8
 .text.armDCacheFlush
                0x000000000000a9dc       0x3c C:\devkitPro/libnx/lib\libnx.a(cache.o)
                0x000000000000a9dc                armDCacheFlush
 .text.__libnx_exception_entry
                0x000000000000aa18      0x1c0 C:\devkitPro/libnx/lib\libnx.a(exception.o)
                0x000000000000aa18                __libnx_exception_entry
 .text.__libnx_exception_returnentry
                0x000000000000abd8       0x18 C:\devkitPro/libnx/lib\libnx.a(exception.o)
                0x000000000000abd8                __libnx_exception_returnentry
 .text.__aarch64_read_tp
                0x000000000000abf0        0xc C:\devkitPro/libnx/lib\libnx.a(readtp.o)
                0x000000000000abf0                __aarch64_read_tp
 *fill*         0x000000000000abfc        0x4 
 .text.detectKernelVersion
                0x000000000000ac00      0x17c C:\devkitPro/libnx/lib\libnx.a(detect.o)
                0x000000000000ac00                detectKernelVersion
 *fill*         0x000000000000ad7c        0x4 
 .text.detectDebugger
                0x000000000000ad80       0x30 C:\devkitPro/libnx/lib\libnx.a(detect.o)
                0x000000000000ad80                detectDebugger
 .text.__libnx_init_thread
                0x000000000000adb0       0xac C:\devkitPro/libnx/lib\libnx.a(thread.o)
                0x000000000000adb0                __libnx_init_thread
 *fill*         0x000000000000ae5c        0x4 
 .text._timeCleanup
                0x000000000000ae60      0x228 C:\devkitPro/libnx/lib\libnx.a(time.o)
 *fill*         0x000000000000b088        0x8 
 .text._timeCmdNoInOutU64.constprop.0
                0x000000000000b090       0xc8 C:\devkitPro/libnx/lib\libnx.a(time.o)
 *fill*         0x000000000000b158        0x8 
 .text._timeCmdGetSession.constprop.0
                0x000000000000b160       0xe8 C:\devkitPro/libnx/lib\libnx.a(time.o)
 *fill*         0x000000000000b248        0x8 
 .text._timeGetSharedMemoryNativeHandle.constprop.0
                0x000000000000b250       0xcc C:\devkitPro/libnx/lib\libnx.a(time.o)
 *fill*         0x000000000000b31c        0x4 
 .text._timeReadClockFromSharedMem
                0x000000000000b320      0x114 C:\devkitPro/libnx/lib\libnx.a(time.o)
 *fill*         0x000000000000b434        0xc 
 .text.timeInitialize
                0x000000000000b440      0x238 C:\devkitPro/libnx/lib\libnx.a(time.o)
                0x000000000000b440                timeInitialize
 *fill*         0x000000000000b678        0x8 
 .text.timeExit
                0x000000000000b680       0x44 C:\devkitPro/libnx/lib\libnx.a(time.o)
                0x000000000000b680                timeExit
 *fill*         0x000000000000b6c4        0xc 
 .text.timeGetServiceSession_SystemClock
                0x000000000000b6d0       0x38 C:\devkitPro/libnx/lib\libnx.a(time.o)
                0x000000000000b6d0                timeGetServiceSession_SystemClock
 *fill*         0x000000000000b708        0x8 
 .text.timeGetCurrentTime
                0x000000000000b710       0x5c C:\devkitPro/libnx/lib\libnx.a(time.o)
                0x000000000000b710                timeGetCurrentTime
 *fill*         0x000000000000b76c        0x4 
 .text.timeToCalendarTimeWithMyRule
                0x000000000000b770      0x118 C:\devkitPro/libnx/lib\libnx.a(time.o)
                0x000000000000b770                timeToCalendarTimeWithMyRule
 *fill*         0x000000000000b888        0x8 
 .text.timeToPosixTimeWithMyRule
                0x000000000000b890      0x104 C:\devkitPro/libnx/lib\libnx.a(time.o)
                0x000000000000b890                timeToPosixTimeWithMyRule
 *fill*         0x000000000000b994        0xc 
 .text._viCleanup
                0x000000000000b9a0      0x1dc C:\devkitPro/libnx/lib\libnx.a(vi.o)
 *fill*         0x000000000000bb7c        0x4 
 .text._viCmdGetSessionNoParams.constprop.0
                0x000000000000bb80       0xe8 C:\devkitPro/libnx/lib\libnx.a(vi.o)
 *fill*         0x000000000000bc68        0x8 
 .text._viCmdGetSession.constprop.0
                0x000000000000bc70       0xe4 C:\devkitPro/libnx/lib\libnx.a(vi.o)
 *fill*         0x000000000000bd54        0xc 
 .text.viInitialize
                0x000000000000bd60      0x25c C:\devkitPro/libnx/lib\libnx.a(vi.o)
                0x000000000000bd60                viInitialize
 *fill*         0x000000000000bfbc        0x4 
 .text.viExit   0x000000000000bfc0       0x44 C:\devkitPro/libnx/lib\libnx.a(vi.o)
                0x000000000000bfc0                viExit
 *fill*         0x000000000000c004        0xc 
 .text.viGetSession_IHOSBinderDriverRelay
                0x000000000000c010        0xc C:\devkitPro/libnx/lib\libnx.a(vi.o)
                0x000000000000c010                viGetSession_IHOSBinderDriverRelay
 *fill*         0x000000000000c01c        0x4 
 .text.viOpenDisplay
                0x000000000000c020      0x120 C:\devkitPro/libnx/lib\libnx.a(vi.o)
                0x000000000000c020                viOpenDisplay
 .text.viCloseDisplay
                0x000000000000c140       0xf8 C:\devkitPro/libnx/lib\libnx.a(vi.o)
                0x000000000000c140                viCloseDisplay
 *fill*         0x000000000000c238        0x8 
 .text.viCloseLayer
                0x000000000000c240       0xfc C:\devkitPro/libnx/lib\libnx.a(vi.o)
                0x000000000000c240                viCloseLayer
 *fill*         0x000000000000c33c        0x4 
 .text.viCreateLayer
                0x000000000000c340      0x3c4 C:\devkitPro/libnx/lib\libnx.a(vi.o)
                0x000000000000c340                viCreateLayer
 *fill*         0x000000000000c704        0xc 
 .text.viSetLayerScalingMode
                0x000000000000c710       0xd8 C:\devkitPro/libnx/lib\libnx.a(vi.o)
                0x000000000000c710                viSetLayerScalingMode
 *fill*         0x000000000000c7e8        0x8 
 .text._setsysGetFirmwareVersionImpl
                0x000000000000c7f0       0xd4 C:\devkitPro/libnx/lib\libnx.a(set.o)
 *fill*         0x000000000000c8c4        0xc 
 .text._setsysCleanup
                0x000000000000c8d0       0x68 C:\devkitPro/libnx/lib\libnx.a(set.o)
 *fill*         0x000000000000c938        0x8 
 .text.setsysInitialize
                0x000000000000c940       0xa0 C:\devkitPro/libnx/lib\libnx.a(set.o)
                0x000000000000c940                setsysInitialize
 .text.setsysExit
                0x000000000000c9e0       0x44 C:\devkitPro/libnx/lib\libnx.a(set.o)
                0x000000000000c9e0                setsysExit
 *fill*         0x000000000000ca24        0xc 
 .text.setsysGetFirmwareVersion
                0x000000000000ca30       0x44 C:\devkitPro/libnx/lib\libnx.a(set.o)
                0x000000000000ca30                setsysGetFirmwareVersion
 *fill*         0x000000000000ca74        0xc 
 .text._fsCleanup
                0x000000000000ca80       0xb4 C:\devkitPro/libnx/lib\libnx.a(fs.o)
 *fill*         0x000000000000cb34        0xc 
 .text._fsCmdNoIO
                0x000000000000cb40      0x1b0 C:\devkitPro/libnx/lib\libnx.a(fs.o)
 .text._fsFsCmdWithInPath
                0x000000000000ccf0      0x1d8 C:\devkitPro/libnx/lib\libnx.a(fs.o)
 *fill*         0x000000000000cec8        0x8 
 .text._fsFsCmdWithTwoInPaths
                0x000000000000ced0      0x1fc C:\devkitPro/libnx/lib\libnx.a(fs.o)
 *fill*         0x000000000000d0cc        0x4 
 .text._fsFsOpenCommon
                0x000000000000d0d0      0x230 C:\devkitPro/libnx/lib\libnx.a(fs.o)
 .text._fsFsCmdWithInPathAndOutU64
                0x000000000000d300      0x1f4 C:\devkitPro/libnx/lib\libnx.a(fs.o)
 *fill*         0x000000000000d4f4        0xc 
 .text._fsObjectClose
                0x000000000000d500       0xf4 C:\devkitPro/libnx/lib\libnx.a(fs.o)
 *fill*         0x000000000000d5f4        0xc 
 .text._fsCmdGetSession.constprop.0
                0x000000000000d600      0x170 C:\devkitPro/libnx/lib\libnx.a(fs.o)
 .text.fsInitialize
                0x000000000000d770      0x314 C:\devkitPro/libnx/lib\libnx.a(fs.o)
                0x000000000000d770                fsInitialize
 *fill*         0x000000000000da84        0xc 
 .text.fsExit   0x000000000000da90       0x44 C:\devkitPro/libnx/lib\libnx.a(fs.o)
                0x000000000000da90                fsExit
 *fill*         0x000000000000dad4        0xc 
 .text.fsOpenSdCardFileSystem
                0x000000000000dae0        0x8 C:\devkitPro/libnx/lib\libnx.a(fs.o)
                0x000000000000dae0                fsOpenSdCardFileSystem
 *fill*         0x000000000000dae8        0x8 
 .text.fsFsCreateFile
                0x000000000000daf0      0x1e8 C:\devkitPro/libnx/lib\libnx.a(fs.o)
                0x000000000000daf0                fsFsCreateFile
 *fill*         0x000000000000dcd8        0x8 
 .text.fsFsDeleteFile
                0x000000000000dce0        0x8 C:\devkitPro/libnx/lib\libnx.a(fs.o)
                0x000000000000dce0                fsFsDeleteFile
 *fill*         0x000000000000dce8        0x8 
 .text.fsFsCreateDirectory
                0x000000000000dcf0        0x8 C:\devkitPro/libnx/lib\libnx.a(fs.o)
                0x000000000000dcf0                fsFsCreateDirectory
 *fill*         0x000000000000dcf8        0x8 
 .text.fsFsDeleteDirectory
                0x000000000000dd00        0x8 C:\devkitPro/libnx/lib\libnx.a(fs.o)
                0x000000000000dd00                fsFsDeleteDirectory
 *fill*         0x000000000000dd08        0x8 
 .text.fsFsRenameFile
                0x000000000000dd10        0x8 C:\devkitPro/libnx/lib\libnx.a(fs.o)
                0x000000000000dd10                fsFsRenameFile
 *fill*         0x000000000000dd18        0x8 
 .text.fsFsRenameDirectory
                0x000000000000dd20        0x8 C:\devkitPro/libnx/lib\libnx.a(fs.o)
                0x000000000000dd20                fsFsRenameDirectory
 *fill*         0x000000000000dd28        0x8 
 .text.fsFsGetEntryType
                0x000000000000dd30      0x1ec C:\devkitPro/libnx/lib\libnx.a(fs.o)
                0x000000000000dd30                fsFsGetEntryType
 *fill*         0x000000000000df1c        0x4 
 .text.fsFsOpenFile
                0x000000000000df20        0x8 C:\devkitPro/libnx/lib\libnx.a(fs.o)
                0x000000000000df20                fsFsOpenFile
 *fill*         0x000000000000df28        0x8 
 .text.fsFsOpenDirectory
                0x000000000000df30        0x8 C:\devkitPro/libnx/lib\libnx.a(fs.o)
                0x000000000000df30                fsFsOpenDirectory
 *fill*         0x000000000000df38        0x8 
 .text.fsFsGetFreeSpace
                0x000000000000df40        0x8 C:\devkitPro/libnx/lib\libnx.a(fs.o)
                0x000000000000df40                fsFsGetFreeSpace
 *fill*         0x000000000000df48        0x8 
 .text.fsFsGetTotalSpace
                0x000000000000df50        0x8 C:\devkitPro/libnx/lib\libnx.a(fs.o)
                0x000000000000df50                fsFsGetTotalSpace
 *fill*         0x000000000000df58        0x8 
 .text.fsFsGetFileTimeStampRaw
                0x000000000000df60      0x234 C:\devkitPro/libnx/lib\libnx.a(fs.o)
                0x000000000000df60                fsFsGetFileTimeStampRaw
 *fill*         0x000000000000e194        0xc 
 .text.fsFsClose
                0x000000000000e1a0        0x4 C:\devkitPro/libnx/lib\libnx.a(fs.o)
                0x000000000000e1a0                fsFsClose
 *fill*         0x000000000000e1a4        0xc 
 .text.fsFileRead
                0x000000000000e1b0      0x21c C:\devkitPro/libnx/lib\libnx.a(fs.o)
                0x000000000000e1b0                fsFileRead
 *fill*         0x000000000000e3cc        0x4 
 .text.fsFileWrite
                0x000000000000e3d0      0x20c C:\devkitPro/libnx/lib\libnx.a(fs.o)
                0x000000000000e3d0                fsFileWrite
 *fill*         0x000000000000e5dc        0x4 
 .text.fsFileFlush
                0x000000000000e5e0        0x8 C:\devkitPro/libnx/lib\libnx.a(fs.o)
                0x000000000000e5e0                fsFileFlush
 *fill*         0x000000000000e5e8        0x8 
 .text.fsFileSetSize
                0x000000000000e5f0      0x1b4 C:\devkitPro/libnx/lib\libnx.a(fs.o)
                0x000000000000e5f0                fsFileSetSize
 *fill*         0x000000000000e7a4        0xc 
 .text.fsFileGetSize
                0x000000000000e7b0      0x1c4 C:\devkitPro/libnx/lib\libnx.a(fs.o)
                0x000000000000e7b0                fsFileGetSize
 *fill*         0x000000000000e974        0xc 
 .text.fsFileClose
                0x000000000000e980        0x4 C:\devkitPro/libnx/lib\libnx.a(fs.o)
                0x000000000000e980                fsFileClose
 *fill*         0x000000000000e984        0xc 
 .text.fsDirClose
                0x000000000000e990        0x4 C:\devkitPro/libnx/lib\libnx.a(fs.o)
                0x000000000000e990                fsDirClose
 *fill*         0x000000000000e994        0xc 
 .text.fsDirRead
                0x000000000000e9a0      0x204 C:\devkitPro/libnx/lib\libnx.a(fs.o)
                0x000000000000e9a0                fsDirRead
 *fill*         0x000000000000eba4        0xc 
 .text._nvSetClientPID
                0x000000000000ebb0       0xcc C:\devkitPro/libnx/lib\libnx.a(nv.o)
 *fill*         0x000000000000ec7c        0x4 
 .text._nvCleanup
                0x000000000000ec80       0xd0 C:\devkitPro/libnx/lib\libnx.a(nv.o)
 .text._nvCmdInitialize.constprop.0
                0x000000000000ed50       0xd4 C:\devkitPro/libnx/lib\libnx.a(nv.o)
 *fill*         0x000000000000ee24        0xc 
 .text.nvInitialize
                0x000000000000ee30      0x23c C:\devkitPro/libnx/lib\libnx.a(nv.o)
                0x000000000000ee30                nvInitialize
 *fill*         0x000000000000f06c        0x4 
 .text.nvExit   0x000000000000f070       0x44 C:\devkitPro/libnx/lib\libnx.a(nv.o)
                0x000000000000f070                nvExit
 *fill*         0x000000000000f0b4        0xc 
 .text.nvConvertError
                0x000000000000f0c0      0x140 C:\devkitPro/libnx/lib\libnx.a(nv.o)
                0x000000000000f0c0                nvConvertError
 .text.nvOpen   0x000000000000f200      0x114 C:\devkitPro/libnx/lib\libnx.a(nv.o)
                0x000000000000f200                nvOpen
 *fill*         0x000000000000f314        0xc 
 .text.nvIoctl  0x000000000000f320      0x250 C:\devkitPro/libnx/lib\libnx.a(nv.o)
                0x000000000000f320                nvIoctl
 .text.nvClose  0x000000000000f570       0xd8 C:\devkitPro/libnx/lib\libnx.a(nv.o)
                0x000000000000f570                nvClose
 *fill*         0x000000000000f648        0x8 
 .text.nvQueryEvent
                0x000000000000f650      0x108 C:\devkitPro/libnx/lib\libnx.a(nv.o)
                0x000000000000f650                nvQueryEvent
 *fill*         0x000000000000f758        0x8 
 .text._nvFenceCleanup
                0x000000000000f760       0x7c C:\devkitPro/libnx/lib\libnx.a(fence.o)
 *fill*         0x000000000000f7dc        0x4 
 .text.nvFenceInit
                0x000000000000f7e0       0x98 C:\devkitPro/libnx/lib\libnx.a(fence.o)
                0x000000000000f7e0                nvFenceInit
 *fill*         0x000000000000f878        0x8 
 .text.nvFenceExit
                0x000000000000f880       0x44 C:\devkitPro/libnx/lib\libnx.a(fence.o)
                0x000000000000f880                nvFenceExit
 *fill*         0x000000000000f8c4        0xc 
 .text.nvFenceWait
                0x000000000000f8d0      0x250 C:\devkitPro/libnx/lib\libnx.a(fence.o)
                0x000000000000f8d0                nvFenceWait
 .text.nvMultiFenceWait
                0x000000000000fb20       0x74 C:\devkitPro/libnx/lib\libnx.a(fence.o)
                0x000000000000fb20                nvMultiFenceWait
 *fill*         0x000000000000fb94        0xc 
 .text.nvMapInit
                0x000000000000fba0       0xb4 C:\devkitPro/libnx/lib\libnx.a(map.o)
                0x000000000000fba0                nvMapInit
 *fill*         0x000000000000fc54        0xc 
 .text.nvMapExit
                0x000000000000fc60       0x6c C:\devkitPro/libnx/lib\libnx.a(map.o)
                0x000000000000fc60                nvMapExit
 *fill*         0x000000000000fccc        0x4 
 .text.nvMapClose
                0x000000000000fcd0       0x80 C:\devkitPro/libnx/lib\libnx.a(map.o)
                0x000000000000fcd0                nvMapClose
 .text.nvMapCreate
                0x000000000000fd50      0x160 C:\devkitPro/libnx/lib\libnx.a(map.o)
                0x000000000000fd50                nvMapCreate
 .text.nvioctlNvhostCtrl_EventSignal
                0x000000000000feb0       0x28 C:\devkitPro/libnx/lib\libnx.a(nvhost-ctrl.o)
                0x000000000000feb0                nvioctlNvhostCtrl_EventSignal
 *fill*         0x000000000000fed8        0x8 
 .text.nvioctlNvhostCtrl_EventWait
                0x000000000000fee0       0x44 C:\devkitPro/libnx/lib\libnx.a(nvhost-ctrl.o)
                0x000000000000fee0                nvioctlNvhostCtrl_EventWait
 *fill*         0x000000000000ff24        0xc 
 .text.nvioctlNvhostCtrl_EventWaitAsync
                0x000000000000ff30       0x30 C:\devkitPro/libnx/lib\libnx.a(nvhost-ctrl.o)
                0x000000000000ff30                nvioctlNvhostCtrl_EventWaitAsync
 .text.nvioctlNvhostCtrl_EventRegister
                0x000000000000ff60       0x28 C:\devkitPro/libnx/lib\libnx.a(nvhost-ctrl.o)
                0x000000000000ff60                nvioctlNvhostCtrl_EventRegister
 *fill*         0x000000000000ff88        0x8 
 .text.nvioctlNvhostCtrl_EventUnregister
                0x000000000000ff90       0x28 C:\devkitPro/libnx/lib\libnx.a(nvhost-ctrl.o)
                0x000000000000ff90                nvioctlNvhostCtrl_EventUnregister
 *fill*         0x000000000000ffb8        0x8 
 .text.nvioctlNvmap_Create
                0x000000000000ffc0       0x40 C:\devkitPro/libnx/lib\libnx.a(nvmap.o)
                0x000000000000ffc0                nvioctlNvmap_Create
 .text.nvioctlNvmap_Alloc
                0x0000000000010000       0x40 C:\devkitPro/libnx/lib\libnx.a(nvmap.o)
                0x0000000000010000                nvioctlNvmap_Alloc
 .text.nvioctlNvmap_Free
                0x0000000000010040       0x30 C:\devkitPro/libnx/lib\libnx.a(nvmap.o)
                0x0000000000010040                nvioctlNvmap_Free
 .text.nvioctlNvmap_GetId
                0x0000000000010070       0x40 C:\devkitPro/libnx/lib\libnx.a(nvmap.o)
                0x0000000000010070                nvioctlNvmap_GetId
 .text.bqRequestBuffer
                0x00000000000100b0       0xd8 C:\devkitPro/libnx/lib\libnx.a(buffer_producer.o)
                0x00000000000100b0                bqRequestBuffer
 *fill*         0x0000000000010188        0x8 
 .text.bqDequeueBuffer
                0x0000000000010190      0x168 C:\devkitPro/libnx/lib\libnx.a(buffer_producer.o)
                0x0000000000010190                bqDequeueBuffer
 *fill*         0x00000000000102f8        0x8 
 .text.bqQueueBuffer
                0x0000000000010300       0xdc C:\devkitPro/libnx/lib\libnx.a(buffer_producer.o)
                0x0000000000010300                bqQueueBuffer
 *fill*         0x00000000000103dc        0x4 
 .text.bqCancelBuffer
                0x00000000000103e0       0x94 C:\devkitPro/libnx/lib\libnx.a(buffer_producer.o)
                0x00000000000103e0                bqCancelBuffer
 *fill*         0x0000000000010474        0xc 
 .text.bqConnect
                0x0000000000010480       0xe8 C:\devkitPro/libnx/lib\libnx.a(buffer_producer.o)
                0x0000000000010480                bqConnect
 *fill*         0x0000000000010568        0x8 
 .text.bqDisconnect
                0x0000000000010570       0x9c C:\devkitPro/libnx/lib\libnx.a(buffer_producer.o)
                0x0000000000010570                bqDisconnect
 *fill*         0x000000000001060c        0x4 
 .text.bqSetPreallocatedBuffer
                0x0000000000010610      0x174 C:\devkitPro/libnx/lib\libnx.a(buffer_producer.o)
                0x0000000000010610                bqSetPreallocatedBuffer
 *fill*         0x0000000000010784        0xc 
 .text.binderCreate
                0x0000000000010790       0x18 C:\devkitPro/libnx/lib\libnx.a(binder.o)
                0x0000000000010790                binderCreate
 *fill*         0x00000000000107a8        0x8 
 .text.binderTransactParcel
                0x00000000000107b0      0x390 C:\devkitPro/libnx/lib\libnx.a(binder.o)
                0x00000000000107b0                binderTransactParcel
 .text.binderConvertErrorCode
                0x0000000000010b40      0x124 C:\devkitPro/libnx/lib\libnx.a(binder.o)
                0x0000000000010b40                binderConvertErrorCode
 *fill*         0x0000000000010c64        0xc 
 .text.binderAdjustRefcount
                0x0000000000010c70      0x124 C:\devkitPro/libnx/lib\libnx.a(binder.o)
                0x0000000000010c70                binderAdjustRefcount
 *fill*         0x0000000000010d94        0xc 
 .text.binderInitSession
                0x0000000000010da0       0x98 C:\devkitPro/libnx/lib\libnx.a(binder.o)
                0x0000000000010da0                binderInitSession
 *fill*         0x0000000000010e38        0x8 
 .text.binderClose
                0x0000000000010e40       0x68 C:\devkitPro/libnx/lib\libnx.a(binder.o)
                0x0000000000010e40                binderClose
 *fill*         0x0000000000010ea8        0x8 
 .text.binderGetNativeHandle
                0x0000000000010eb0      0x158 C:\devkitPro/libnx/lib\libnx.a(binder.o)
                0x0000000000010eb0                binderGetNativeHandle
 *fill*         0x0000000000011008        0x8 
 .text.parcelCreate
                0x0000000000011010       0x30 C:\devkitPro/libnx/lib\libnx.a(parcel.o)
                0x0000000000011010                parcelCreate
 .text.parcelTransact
                0x0000000000011040      0x19c C:\devkitPro/libnx/lib\libnx.a(parcel.o)
                0x0000000000011040                parcelTransact
 *fill*         0x00000000000111dc        0x4 
 .text.parcelWriteData
                0x00000000000111e0       0x88 C:\devkitPro/libnx/lib\libnx.a(parcel.o)
                0x00000000000111e0                parcelWriteData
 *fill*         0x0000000000011268        0x8 
 .text.parcelReadData
                0x0000000000011270       0x98 C:\devkitPro/libnx/lib\libnx.a(parcel.o)
                0x0000000000011270                parcelReadData
 *fill*         0x0000000000011308        0x8 
 .text.parcelWriteInt32
                0x0000000000011310       0x20 C:\devkitPro/libnx/lib\libnx.a(parcel.o)
                0x0000000000011310                parcelWriteInt32
 .text.parcelWriteUInt32
                0x0000000000011330       0x20 C:\devkitPro/libnx/lib\libnx.a(parcel.o)
                0x0000000000011330                parcelWriteUInt32
 .text.parcelWriteString16
                0x0000000000011350       0x7c C:\devkitPro/libnx/lib\libnx.a(parcel.o)
                0x0000000000011350                parcelWriteString16
 *fill*         0x00000000000113cc        0x4 
 .text.parcelWriteInterfaceToken
                0x00000000000113d0       0x30 C:\devkitPro/libnx/lib\libnx.a(parcel.o)
                0x00000000000113d0                parcelWriteInterfaceToken
 .text.parcelReadInt32
                0x0000000000011400       0x24 C:\devkitPro/libnx/lib\libnx.a(parcel.o)
                0x0000000000011400                parcelReadInt32
 *fill*         0x0000000000011424        0xc 
 .text.parcelReadFlattenedObject
                0x0000000000011430       0x68 C:\devkitPro/libnx/lib\libnx.a(parcel.o)
                0x0000000000011430                parcelReadFlattenedObject
 *fill*         0x0000000000011498        0x8 
 .text.parcelWriteFlattenedObject
                0x00000000000114a0       0x4c C:\devkitPro/libnx/lib\libnx.a(parcel.o)
                0x00000000000114a0                parcelWriteFlattenedObject
 *fill*         0x00000000000114ec        0x4 
 .text.nxlinkSetup
                0x00000000000114f0       0xc4 C:\devkitPro/libnx/lib\libnx.a(nxlink.o)
                0x00000000000114f0                nxlinkSetup
 *fill*         0x00000000000115b4        0xc 
 .text.sessionmgrCreate
                0x00000000000115c0      0x188 C:\devkitPro/libnx/lib\libnx.a(sessionmgr.o)
                0x00000000000115c0                sessionmgrCreate
 *fill*         0x0000000000011748        0x8 
 .text.sessionmgrClose
                0x0000000000011750       0x84 C:\devkitPro/libnx/lib\libnx.a(sessionmgr.o)
                0x0000000000011750                sessionmgrClose
 *fill*         0x00000000000117d4        0xc 
 .text.sessionmgrAttachClient
                0x00000000000117e0       0xb0 C:\devkitPro/libnx/lib\libnx.a(sessionmgr.o)
                0x00000000000117e0                sessionmgrAttachClient
 .text.sessionmgrDetachClient
                0x0000000000011890       0x74 C:\devkitPro/libnx/lib\libnx.a(sessionmgr.o)
                0x0000000000011890                sessionmgrDetachClient
 *fill*         0x0000000000011904        0xc 
 .text.aligned_alloc
                0x0000000000011910       0x3c c:/devkitpro/devkita64/bin/../lib/gcc/aarch64-none-elf/10.1.0/../../../../aarch64-none-elf/lib/pic\libg.a(lib_a-aligned_alloc.o)
                0x0000000000011910                aligned_alloc
 *fill*         0x000000000001194c        0x4 
 .text.bsearch  0x0000000000011950       0xb8 c:/devkitpro/devkita64/bin/../lib/gcc/aarch64-none-elf/10.1.0/../../../../aarch64-none-elf/lib/pic\libg.a(lib_a-bsearch.o)
                0x0000000000011950                bsearch
 *fill*         0x0000000000011a08        0x8 
 .text.calloc   0x0000000000011a10       0x2c c:/devkitpro/devkita64/bin/../lib/gcc/aarch64-none-elf/10.1.0/../../../../aarch64-none-elf/lib/pic\libg.a(lib_a-calloc.o)
                0x0000000000011a10                calloc
 *fill*         0x0000000000011a3c        0x4 
 .text._calloc_r
                0x0000000000011a40       0x94 c:/devkitpro/devkita64/bin/../lib/gcc/aarch64-none-elf/10.1.0/../../../../aarch64-none-elf/lib/pic\libg.a(lib_a-callocr.o)
                0x0000000000011a40                _calloc_r
 *fill*         0x0000000000011ad4        0xc 
 .text.__errno  0x0000000000011ae0       0x14 c:/devkitpro/devkita64/bin/../lib/gcc/aarch64-none-elf/10.1.0/../../../../aarch64-none-elf/lib/pic\libg.a(lib_a-errno.o)
                0x0000000000011ae0                __errno
 *fill*         0x0000000000011af4        0xc 
 .text._fclose_r
                0x0000000000011b00      0x15c c:/devkitpro/devkita64/bin/../lib/gcc/aarch64-none-elf/10.1.0/../../../../aarch64-none-elf/lib/pic\libg.a(lib_a-fclose.o)
                0x0000000000011b00                _fclose_r
 *fill*         0x0000000000011c5c        0x4 
 .text.fclose   0x0000000000011c60       0x24 c:/devkitpro/devkita64/bin/../lib/gcc/aarch64-none-elf/10.1.0/../../../../aarch64-none-elf/lib/pic\libg.a(lib_a-fclose.o)
                0x0000000000011c60                fclose
 *fill*         0x0000000000011c84        0xc 
 .text.__sflush_r
                0x0000000000011c90      0x228 c:/devkitpro/devkita64/bin/../lib/gcc/aarch64-none-elf/10.1.0/../../../../aarch64-none-elf/lib/pic\libg.a(lib_a-fflush.o)
                0x0000000000011c90                __sflush_r
 *fill*         0x0000000000011eb8        0x8 
 .text._fflush_r
                0x0000000000011ec0       0xb8 c:/devkitpro/devkita64/bin/../lib/gcc/aarch64-none-elf/10.1.0/../../../../aarch64-none-elf/lib/pic\libg.a(lib_a-fflush.o)
                0x0000000000011ec0                _fflush_r
 *fill*         0x0000000000011f78        0x8 
 .text.fflush   0x0000000000011f80       0x40 c:/devkitpro/devkita64/bin/../lib/gcc/aarch64-none-elf/10.1.0/../../../../aarch64-none-elf/lib/pic\libg.a(lib_a-fflush.o)
                0x0000000000011f80                fflush
 .text._cleanup_r
                0x0000000000011fc0        0xc c:/devkitpro/devkita64/bin/../lib/gcc/aarch64-none-elf/10.1.0/../../../../aarch64-none-elf/lib/pic\libg.a(lib_a-findfp.o)
                0x0000000000011fc0                _cleanup_r
 *fill*         0x0000000000011fcc        0x4 
 .text.__sfmoreglue
                0x0000000000011fd0       0x60 c:/devkitpro/devkita64/bin/../lib/gcc/aarch64-none-elf/10.1.0/../../../../aarch64-none-elf/lib/pic\libg.a(lib_a-findfp.o)
                0x0000000000011fd0                __sfmoreglue
 .text.__sfp_lock_acquire
                0x0000000000012030        0xc c:/devkitpro/devkita64/bin/../lib/gcc/aarch64-none-elf/10.1.0/../../../../aarch64-none-elf/lib/pic\libg.a(lib_a-findfp.o)
                0x0000000000012030                __sfp_lock_acquire
 *fill*         0x000000000001203c        0x4 
 .text.__sfp_lock_release
                0x0000000000012040        0xc c:/devkitpro/devkita64/bin/../lib/gcc/aarch64-none-elf/10.1.0/../../../../aarch64-none-elf/lib/pic\libg.a(lib_a-findfp.o)
                0x0000000000012040                __sfp_lock_release
 *fill*         0x000000000001204c        0x4 
 .text.__sinit_lock_acquire
                0x0000000000012050        0xc c:/devkitpro/devkita64/bin/../lib/gcc/aarch64-none-elf/10.1.0/../../../../aarch64-none-elf/lib/pic\libg.a(lib_a-findfp.o)
                0x0000000000012050                __sinit_lock_acquire
 *fill*         0x000000000001205c        0x4 
 .text.__sinit_lock_release
                0x0000000000012060        0xc c:/devkitpro/devkita64/bin/../lib/gcc/aarch64-none-elf/10.1.0/../../../../aarch64-none-elf/lib/pic\libg.a(lib_a-findfp.o)
                0x0000000000012060                __sinit_lock_release
 *fill*         0x000000000001206c        0x4 
 .text.__sinit  0x0000000000012070      0x154 c:/devkitpro/devkita64/bin/../lib/gcc/aarch64-none-elf/10.1.0/../../../../aarch64-none-elf/lib/pic\libg.a(lib_a-findfp.o)
                0x0000000000012070                __sinit
 *fill*         0x00000000000121c4        0xc 
 .text.__sfp    0x00000000000121d0      0x110 c:/devkitpro/devkita64/bin/../lib/gcc/aarch64-none-elf/10.1.0/../../../../aarch64-none-elf/lib/pic\libg.a(lib_a-findfp.o)
                0x00000000000121d0                __sfp
 .text.__libc_fini_array
                0x00000000000122e0       0x44 c:/devkitpro/devkita64/bin/../lib/gcc/aarch64-none-elf/10.1.0/../../../../aarch64-none-elf/lib/pic\libg.a(lib_a-fini.o)
                0x00000000000122e0                __libc_fini_array
 *fill*         0x0000000000012324        0xc 
 .text._fopen_r
                0x0000000000012330      0x130 c:/devkitpro/devkita64/bin/../lib/gcc/aarch64-none-elf/10.1.0/../../../../aarch64-none-elf/lib/pic\libg.a(lib_a-fopen.o)
                0x0000000000012330                _fopen_r
 .text.fopen    0x0000000000012460       0x2c c:/devkitpro/devkita64/bin/../lib/gcc/aarch64-none-elf/10.1.0/../../../../aarch64-none-elf/lib/pic\libg.a(lib_a-fopen.o)
                0x0000000000012460                fopen
 *fill*         0x000000000001248c        0x4 
 .text._fread_r
                0x0000000000012490      0x300 c:/devkitpro/devkita64/bin/../lib/gcc/aarch64-none-elf/10.1.0/../../../../aarch64-none-elf/lib/pic\libg.a(lib_a-fread.o)
                0x0000000000012490                _fread_r
 .text.fread    0x0000000000012790       0x44 c:/devkitpro/devkita64/bin/../lib/gcc/aarch64-none-elf/10.1.0/../../../../aarch64-none-elf/lib/pic\libg.a(lib_a-fread.o)
                0x0000000000012790                fread
 *fill*         0x00000000000127d4        0xc 
 .text._malloc_trim_r
                0x00000000000127e0      0x118 c:/devkitpro/devkita64/bin/../lib/gcc/aarch64-none-elf/10.1.0/../../../../aarch64-none-elf/lib/pic\libg.a(lib_a-freer.o)
                0x00000000000127e0                _malloc_trim_r
 *fill*         0x00000000000128f8        0x8 
 .text._free_r  0x0000000000012900      0x2f0 c:/devkitpro/devkita64/bin/../lib/gcc/aarch64-none-elf/10.1.0/../../../../aarch64-none-elf/lib/pic\libg.a(lib_a-freer.o)
                0x0000000000012900                _free_r
 .text._fseek_r
                0x0000000000012bf0        0x4 c:/devkitpro/devkita64/bin/../lib/gcc/aarch64-none-elf/10.1.0/../../../../aarch64-none-elf/lib/pic\libg.a(lib_a-fseek.o)
                0x0000000000012bf0                _fseek_r
 *fill*         0x0000000000012bf4        0xc 
 .text._fseeko_r
                0x0000000000012c00      0x454 c:/devkitpro/devkita64/bin/../lib/gcc/aarch64-none-elf/10.1.0/../../../../aarch64-none-elf/lib/pic\libg.a(lib_a-fseeko.o)
                0x0000000000012c00                _fseeko_r
 *fill*         0x0000000000013054        0xc 
 .text._ftello_r
                0x0000000000013060      0x164 c:/devkitpro/devkita64/bin/../lib/gcc/aarch64-none-elf/10.1.0/../../../../aarch64-none-elf/lib/pic\libg.a(lib_a-ftello.o)
                0x0000000000013060                _ftello_r
 *fill*         0x00000000000131c4        0xc 
 .text._fwalk   0x00000000000131d0       0x98 c:/devkitpro/devkita64/bin/../lib/gcc/aarch64-none-elf/10.1.0/../../../../aarch64-none-elf/lib/pic\libg.a(lib_a-fwalk.o)
                0x00000000000131d0                _fwalk
 *fill*         0x0000000000013268        0x8 
 .text._fwalk_reent
                0x0000000000013270       0xa4 c:/devkitpro/devkita64/bin/../lib/gcc/aarch64-none-elf/10.1.0/../../../../aarch64-none-elf/lib/pic\libg.a(lib_a-fwalk.o)
                0x0000000000013270                _fwalk_reent
 *fill*         0x0000000000013314        0xc 
 .text._fwrite_r
                0x0000000000013320       0xe0 c:/devkitpro/devkita64/bin/../lib/gcc/aarch64-none-elf/10.1.0/../../../../aarch64-none-elf/lib/pic\libg.a(lib_a-fwrite.o)
                0x0000000000013320                _fwrite_r
 .text.fwrite   0x0000000000013400       0x44 c:/devkitpro/devkita64/bin/../lib/gcc/aarch64-none-elf/10.1.0/../../../../aarch64-none-elf/lib/pic\libg.a(lib_a-fwrite.o)
                0x0000000000013400                fwrite
 *fill*         0x0000000000013444        0xc 
 .text.gmtime   0x0000000000013450       0x2c c:/devkitpro/devkita64/bin/../lib/gcc/aarch64-none-elf/10.1.0/../../../../aarch64-none-elf/lib/pic\libg.a(lib_a-gmtime.o)
                0x0000000000013450                gmtime
 *fill*         0x000000000001347c        0x4 
 .text.gmtime_r
                0x0000000000013480      0x29c c:/devkitpro/devkita64/bin/../lib/gcc/aarch64-none-elf/10.1.0/../../../../aarch64-none-elf/lib/pic\libg.a(lib_a-gmtime_r.o)
                0x0000000000013480                gmtime_r
 *fill*         0x000000000001371c        0x4 
 .text.__libc_init_array
                0x0000000000013720       0x8c c:/devkitpro/devkita64/bin/../lib/gcc/aarch64-none-elf/10.1.0/../../../../aarch64-none-elf/lib/pic\libg.a(lib_a-init.o)
                0x0000000000013720                __libc_init_array
 *fill*         0x00000000000137ac        0x4 
 .text.__swhatbuf_r
                0x00000000000137b0       0xa4 c:/devkitpro/devkita64/bin/../lib/gcc/aarch64-none-elf/10.1.0/../../../../aarch64-none-elf/lib/pic\libg.a(lib_a-makebuf.o)
                0x00000000000137b0                __swhatbuf_r
 *fill*         0x0000000000013854        0xc 
 .text.__smakebuf_r
                0x0000000000013860      0x10c c:/devkitpro/devkita64/bin/../lib/gcc/aarch64-none-elf/10.1.0/../../../../aarch64-none-elf/lib/pic\libg.a(lib_a-makebuf.o)
                0x0000000000013860                __smakebuf_r
 *fill*         0x000000000001396c        0x4 
 .text.memalign
                0x0000000000013970       0x2c c:/devkitpro/devkita64/bin/../lib/gcc/aarch64-none-elf/10.1.0/../../../../aarch64-none-elf/lib/pic\libg.a(lib_a-malign.o)
                0x0000000000013970                memalign
 *fill*         0x000000000001399c        0x4 
 .text._memalign_r
                0x00000000000139a0      0x1a0 c:/devkitpro/devkita64/bin/../lib/gcc/aarch64-none-elf/10.1.0/../../../../aarch64-none-elf/lib/pic\libg.a(lib_a-malignr.o)
                0x00000000000139a0                _memalign_r
 .text.malloc   0x0000000000013b40       0x24 c:/devkitpro/devkita64/bin/../lib/gcc/aarch64-none-elf/10.1.0/../../../../aarch64-none-elf/lib/pic\libg.a(lib_a-malloc.o)
                0x0000000000013b40                malloc
 *fill*         0x0000000000013b64        0xc 
 .text.free     0x0000000000013b70       0x24 c:/devkitpro/devkita64/bin/../lib/gcc/aarch64-none-elf/10.1.0/../../../../aarch64-none-elf/lib/pic\libg.a(lib_a-malloc.o)
                0x0000000000013b70                free
 *fill*         0x0000000000013b94        0xc 
 .text._malloc_r
                0x0000000000013ba0      0x878 c:/devkitpro/devkita64/bin/../lib/gcc/aarch64-none-elf/10.1.0/../../../../aarch64-none-elf/lib/pic\libg.a(lib_a-mallocr.o)
                0x0000000000013ba0                _malloc_r
 .text          0x0000000000014418       0xd8 c:/devkitpro/devkita64/bin/../lib/gcc/aarch64-none-elf/10.1.0/../../../../aarch64-none-elf/lib/pic\libg.a(lib_a-memchr.o)
                0x0000000000014418                memchr
 *fill*         0x00000000000144f0       0x10 
 .text          0x0000000000014500      0x16c c:/devkitpro/devkita64/bin/../lib/gcc/aarch64-none-elf/10.1.0/../../../../aarch64-none-elf/lib/pic\libg.a(lib_a-memcpy.o)
                0x0000000000014500                memcpy
 *fill*         0x000000000001466c       0x14 
 .text          0x0000000000014680      0x1dc c:/devkitpro/devkita64/bin/../lib/gcc/aarch64-none-elf/10.1.0/../../../../aarch64-none-elf/lib/pic\libg.a(lib_a-memset.o)
                0x0000000000014680                memset
 *fill*         0x000000000001485c        0x4 
 .text.__malloc_lock
                0x0000000000014860        0xc c:/devkitpro/devkita64/bin/../lib/gcc/aarch64-none-elf/10.1.0/../../../../aarch64-none-elf/lib/pic\libg.a(lib_a-mlock.o)
                0x0000000000014860                __malloc_lock
 *fill*         0x000000000001486c        0x4 
 .text.__malloc_unlock
                0x0000000000014870        0xc c:/devkitpro/devkita64/bin/../lib/gcc/aarch64-none-elf/10.1.0/../../../../aarch64-none-elf/lib/pic\libg.a(lib_a-mlock.o)
                0x0000000000014870                __malloc_unlock
 *fill*         0x000000000001487c        0x4 
 .text.printf   0x0000000000014880       0x8c c:/devkitpro/devkita64/bin/../lib/gcc/aarch64-none-elf/10.1.0/../../../../aarch64-none-elf/lib/pic\libg.a(lib_a-printf.o)
                0x0000000000014880                printf
 *fill*         0x000000000001490c        0x4 
 .text.lflush   0x0000000000014910       0x20 c:/devkitpro/devkita64/bin/../lib/gcc/aarch64-none-elf/10.1.0/../../../../aarch64-none-elf/lib/pic\libg.a(lib_a-refill.o)
 .text.__srefill_r
                0x0000000000014930      0x1d0 c:/devkitpro/devkita64/bin/../lib/gcc/aarch64-none-elf/10.1.0/../../../../aarch64-none-elf/lib/pic\libg.a(lib_a-refill.o)
                0x0000000000014930                __srefill_r
 .text._remove_r
                0x0000000000014b00       0x1c c:/devkitpro/devkita64/bin/../lib/gcc/aarch64-none-elf/10.1.0/../../../../aarch64-none-elf/lib/pic\libg.a(lib_a-remove.o)
                0x0000000000014b00                _remove_r
 *fill*         0x0000000000014b1c        0x4 
 .text.remove   0x0000000000014b20       0x24 c:/devkitpro/devkita64/bin/../lib/gcc/aarch64-none-elf/10.1.0/../../../../aarch64-none-elf/lib/pic\libg.a(lib_a-remove.o)
                0x0000000000014b20                remove
 *fill*         0x0000000000014b44        0xc 
 .text.setenv   0x0000000000014b50       0x3c c:/devkitpro/devkita64/bin/../lib/gcc/aarch64-none-elf/10.1.0/../../../../aarch64-none-elf/lib/pic\libg.a(lib_a-setenv.o)
                0x0000000000014b50                setenv
 *fill*         0x0000000000014b8c        0x4 
 .text._setenv_r
                0x0000000000014b90      0x268 c:/devkitpro/devkita64/bin/../lib/gcc/aarch64-none-elf/10.1.0/../../../../aarch64-none-elf/lib/pic\libg.a(lib_a-setenv_r.o)
                0x0000000000014b90                _setenv_r
 *fill*         0x0000000000014df8        0x8 
 .text.setvbuf  0x0000000000014e00      0x278 c:/devkitpro/devkita64/bin/../lib/gcc/aarch64-none-elf/10.1.0/../../../../aarch64-none-elf/lib/pic\libg.a(lib_a-setvbuf.o)
                0x0000000000014e00                setvbuf
 *fill*         0x0000000000015078        0x8 
 .text.sscanf   0x0000000000015080       0xc0 c:/devkitpro/devkita64/bin/../lib/gcc/aarch64-none-elf/10.1.0/../../../../aarch64-none-elf/lib/pic\libg.a(lib_a-sscanf.o)
                0x0000000000015080                sscanf
 .text.__sread  0x0000000000015140       0x50 c:/devkitpro/devkita64/bin/../lib/gcc/aarch64-none-elf/10.1.0/../../../../aarch64-none-elf/lib/pic\libg.a(lib_a-stdio.o)
                0x0000000000015140                __sread
 .text.__seofread
                0x0000000000015190        0x8 c:/devkitpro/devkita64/bin/../lib/gcc/aarch64-none-elf/10.1.0/../../../../aarch64-none-elf/lib/pic\libg.a(lib_a-stdio.o)
                0x0000000000015190                __seofread
 *fill*         0x0000000000015198        0x8 
 .text.__swrite
                0x00000000000151a0       0x6c c:/devkitpro/devkita64/bin/../lib/gcc/aarch64-none-elf/10.1.0/../../../../aarch64-none-elf/lib/pic\libg.a(lib_a-stdio.o)
                0x00000000000151a0                __swrite
 *fill*         0x000000000001520c        0x4 
 .text.__sseek  0x0000000000015210       0x50 c:/devkitpro/devkita64/bin/../lib/gcc/aarch64-none-elf/10.1.0/../../../../aarch64-none-elf/lib/pic\libg.a(lib_a-stdio.o)
                0x0000000000015210                __sseek
 .text.__sclose
                0x0000000000015260        0x8 c:/devkitpro/devkita64/bin/../lib/gcc/aarch64-none-elf/10.1.0/../../../../aarch64-none-elf/lib/pic\libg.a(lib_a-stdio.o)
                0x0000000000015260                __sclose
 .text          0x0000000000015268       0xdc c:/devkitpro/devkita64/bin/../lib/gcc/aarch64-none-elf/10.1.0/../../../../aarch64-none-elf/lib/pic\libg.a(lib_a-strchr.o)
                0x0000000000015268                strchr
 *fill*         0x0000000000015344       0x3c 
 .text          0x0000000000015380       0xe4 c:/devkitpro/devkita64/bin/../lib/gcc/aarch64-none-elf/10.1.0/../../../../aarch64-none-elf/lib/pic\libg.a(lib_a-strcmp.o)
                0x0000000000015380                strcmp
 *fill*         0x0000000000015464       0x1c 
 .text          0x0000000000015480      0x140 c:/devkitpro/devkita64/bin/../lib/gcc/aarch64-none-elf/10.1.0/../../../../aarch64-none-elf/lib/pic\libg.a(lib_a-strlen.o)
                0x0000000000015480                strlen
 .text.strncat  0x00000000000155c0       0x7c c:/devkitpro/devkita64/bin/../lib/gcc/aarch64-none-elf/10.1.0/../../../../aarch64-none-elf/lib/pic\libg.a(lib_a-strncat.o)
                0x00000000000155c0                strncat
 *fill*         0x000000000001563c        0x4 
 .text          0x0000000000015640      0x1d4 c:/devkitpro/devkita64/bin/../lib/gcc/aarch64-none-elf/10.1.0/../../../../aarch64-none-elf/lib/pic\libg.a(lib_a-strncmp.o)
                0x000000000001565c                strncmp
 *fill*         0x0000000000015814        0xc 
 .text.strncpy  0x0000000000015820       0x9c c:/devkitpro/devkita64/bin/../lib/gcc/aarch64-none-elf/10.1.0/../../../../aarch64-none-elf/lib/pic\libg.a(lib_a-strncpy.o)
                0x0000000000015820                strncpy
 *fill*         0x00000000000158bc        0x4 
 .text          0x00000000000158c0       0xe0 c:/devkitpro/devkita64/bin/../lib/gcc/aarch64-none-elf/10.1.0/../../../../aarch64-none-elf/lib/pic\libg.a(lib_a-strnlen.o)
                0x00000000000158e4                strnlen
 .text._strtoul_l.constprop.0
                0x00000000000159a0      0x1a4 c:/devkitpro/devkita64/bin/../lib/gcc/aarch64-none-elf/10.1.0/../../../../aarch64-none-elf/lib/pic\libg.a(lib_a-strtoul.o)
 *fill*         0x0000000000015b44        0xc 
 .text._strtoul_r
                0x0000000000015b50       0x44 c:/devkitpro/devkita64/bin/../lib/gcc/aarch64-none-elf/10.1.0/../../../../aarch64-none-elf/lib/pic\libg.a(lib_a-strtoul.o)
                0x0000000000015b50                _strtoul_r
 *fill*         0x0000000000015b94        0xc 
 .text.strtoul  0x0000000000015ba0       0x48 c:/devkitpro/devkita64/bin/../lib/gcc/aarch64-none-elf/10.1.0/../../../../aarch64-none-elf/lib/pic\libg.a(lib_a-strtoul.o)
                0x0000000000015ba0                strtoul
 .text.get_arg  0x0000000000015be8       0x74 c:/devkitpro/devkita64/bin/../lib/gcc/aarch64-none-elf/10.1.0/../../../../aarch64-none-elf/lib/pic\libg.a(lib_a-svfscanf.o)
 .text.__ssvfscanf_r
                0x0000000000015c5c     0x3108 c:/devkitpro/devkita64/bin/../lib/gcc/aarch64-none-elf/10.1.0/../../../../aarch64-none-elf/lib/pic\libg.a(lib_a-svfscanf.o)
                0x0000000000015c5c                __ssvfscanf_r
 .text.get_arg  0x0000000000018d64      0x780 c:/devkitpro/devkita64/bin/../lib/gcc/aarch64-none-elf/10.1.0/../../../../aarch64-none-elf/lib/pic\libg.a(lib_a-vfprintf.o)
 .text._vfprintf_r
                0x00000000000194e4     0x3cc8 c:/devkitpro/devkita64/bin/../lib/gcc/aarch64-none-elf/10.1.0/../../../../aarch64-none-elf/lib/pic\libg.a(lib_a-vfprintf.o)
                0x00000000000194e4                _vfprintf_r
 .text.__sbprintf
                0x000000000001d1ac       0xf8 c:/devkitpro/devkita64/bin/../lib/gcc/aarch64-none-elf/10.1.0/../../../../aarch64-none-elf/lib/pic\libg.a(lib_a-vfprintf.o)
 *fill*         0x000000000001d2a4        0xc 
 .text._wcrtomb_r
                0x000000000001d2b0       0xd8 c:/devkitpro/devkita64/bin/../lib/gcc/aarch64-none-elf/10.1.0/../../../../aarch64-none-elf/lib/pic\libg.a(lib_a-wcrtomb.o)
                0x000000000001d2b0                _wcrtomb_r
 *fill*         0x000000000001d388        0x8 
 .text._wcsrtombs_r
                0x000000000001d390       0x10 c:/devkitpro/devkita64/bin/../lib/gcc/aarch64-none-elf/10.1.0/../../../../aarch64-none-elf/lib/pic\libg.a(lib_a-wcsrtombs.o)
                0x000000000001d390                _wcsrtombs_r
 .text.__swsetup_r
                0x000000000001d3a0      0x140 c:/devkitpro/devkita64/bin/../lib/gcc/aarch64-none-elf/10.1.0/../../../../aarch64-none-elf/lib/pic\libg.a(lib_a-wsetup.o)
                0x000000000001d3a0                __swsetup_r
 .text.__call_exitprocs
                0x000000000001d4e0      0x12c c:/devkitpro/devkita64/bin/../lib/gcc/aarch64-none-elf/10.1.0/../../../../aarch64-none-elf/lib/pic\libg.a(lib_a-__call_atexit.o)
                0x000000000001d4e0                __call_exitprocs
 *fill*         0x000000000001d60c        0x4 
 .text.quorem   0x000000000001d610      0x19c c:/devkitpro/devkita64/bin/../lib/gcc/aarch64-none-elf/10.1.0/../../../../aarch64-none-elf/lib/pic\libg.a(lib_a-dtoa.o)
 *fill*         0x000000000001d7ac        0x4 
 .text._dtoa_r  0x000000000001d7b0     0x11a0 c:/devkitpro/devkita64/bin/../lib/gcc/aarch64-none-elf/10.1.0/../../../../aarch64-none-elf/lib/pic\libg.a(lib_a-dtoa.o)
                0x000000000001d7b0                _dtoa_r
 .text.__env_lock
                0x000000000001e950        0xc c:/devkitpro/devkita64/bin/../lib/gcc/aarch64-none-elf/10.1.0/../../../../aarch64-none-elf/lib/pic\libg.a(lib_a-envlock.o)
                0x000000000001e950                __env_lock
 *fill*         0x000000000001e95c        0x4 
 .text.__env_unlock
                0x000000000001e960        0xc c:/devkitpro/devkita64/bin/../lib/gcc/aarch64-none-elf/10.1.0/../../../../aarch64-none-elf/lib/pic\libg.a(lib_a-envlock.o)
                0x000000000001e960                __env_unlock
 *fill*         0x000000000001e96c        0x4 
 .text.__sflags
                0x000000000001e970       0xac c:/devkitpro/devkita64/bin/../lib/gcc/aarch64-none-elf/10.1.0/../../../../aarch64-none-elf/lib/pic\libg.a(lib_a-flags.o)
                0x000000000001e970                __sflags
 *fill*         0x000000000001ea1c        0x4 
 .text.__sfvwrite_r
                0x000000000001ea20      0x4bc c:/devkitpro/devkita64/bin/../lib/gcc/aarch64-none-elf/10.1.0/../../../../aarch64-none-elf/lib/pic\libg.a(lib_a-fvwrite.o)
                0x000000000001ea20                __sfvwrite_r
 *fill*         0x000000000001eedc        0x4 
 .text._findenv_r
                0x000000000001eee0      0x100 c:/devkitpro/devkita64/bin/../lib/gcc/aarch64-none-elf/10.1.0/../../../../aarch64-none-elf/lib/pic\libg.a(lib_a-getenv_r.o)
                0x000000000001eee0                _findenv_r
 .text.iswspace
                0x000000000001efe0        0x8 c:/devkitpro/devkita64/bin/../lib/gcc/aarch64-none-elf/10.1.0/../../../../aarch64-none-elf/lib/pic\libg.a(lib_a-iswspace.o)
                0x000000000001efe0                iswspace
 *fill*         0x000000000001efe8        0x8 
 .text.__localeconv_l
                0x000000000001eff0        0x8 c:/devkitpro/devkita64/bin/../lib/gcc/aarch64-none-elf/10.1.0/../../../../aarch64-none-elf/lib/pic\libg.a(lib_a-localeconv.o)
                0x000000000001eff0                __localeconv_l
 *fill*         0x000000000001eff8        0x8 
 .text._localeconv_r
                0x000000000001f000       0x28 c:/devkitpro/devkita64/bin/../lib/gcc/aarch64-none-elf/10.1.0/../../../../aarch64-none-elf/lib/pic\libg.a(lib_a-localeconv.o)
                0x000000000001f000                _localeconv_r
 *fill*         0x000000000001f028        0x8 
 .text.__locale_mb_cur_max
                0x000000000001f030       0x2c c:/devkitpro/devkita64/bin/../lib/gcc/aarch64-none-elf/10.1.0/../../../../aarch64-none-elf/lib/pic\libg.a(lib_a-locale.o)
                0x000000000001f030                __locale_mb_cur_max
 *fill*         0x000000000001f05c        0x4 
 .text._mbrtowc_r
                0x000000000001f060       0xf0 c:/devkitpro/devkita64/bin/../lib/gcc/aarch64-none-elf/10.1.0/../../../../aarch64-none-elf/lib/pic\libg.a(lib_a-mbrtowc.o)
                0x000000000001f060                _mbrtowc_r
 .text.__utf8_mbtowc
                0x000000000001f150      0x2c8 c:/devkitpro/devkita64/bin/../lib/gcc/aarch64-none-elf/10.1.0/../../../../aarch64-none-elf/lib/pic\libg.a(lib_a-mbtowc_r.o)
                0x000000000001f150                __utf8_mbtowc
 *fill*         0x000000000001f418       0x28 
 .text          0x000000000001f440       0xac c:/devkitpro/devkita64/bin/../lib/gcc/aarch64-none-elf/10.1.0/../../../../aarch64-none-elf/lib/pic\libg.a(lib_a-memmove.o)
                0x000000000001f440                memmove
 *fill*         0x000000000001f4ec        0x4 
 .text._Balloc  0x000000000001f4f0       0x8c c:/devkitpro/devkita64/bin/../lib/gcc/aarch64-none-elf/10.1.0/../../../../aarch64-none-elf/lib/pic\libg.a(lib_a-mprec.o)
                0x000000000001f4f0                _Balloc
 *fill*         0x000000000001f57c        0x4 
 .text._Bfree   0x000000000001f580       0x1c c:/devkitpro/devkita64/bin/../lib/gcc/aarch64-none-elf/10.1.0/../../../../aarch64-none-elf/lib/pic\libg.a(lib_a-mprec.o)
                0x000000000001f580                _Bfree
 *fill*         0x000000000001f59c        0x4 
 .text.__multadd
                0x000000000001f5a0      0x108 c:/devkitpro/devkita64/bin/../lib/gcc/aarch64-none-elf/10.1.0/../../../../aarch64-none-elf/lib/pic\libg.a(lib_a-mprec.o)
                0x000000000001f5a0                __multadd
 *fill*         0x000000000001f6a8        0x8 
 .text.__s2b    0x000000000001f6b0      0x138 c:/devkitpro/devkita64/bin/../lib/gcc/aarch64-none-elf/10.1.0/../../../../aarch64-none-elf/lib/pic\libg.a(lib_a-mprec.o)
                0x000000000001f6b0                __s2b
 *fill*         0x000000000001f7e8        0x8 
 .text.__hi0bits
                0x000000000001f7f0       0x5c c:/devkitpro/devkita64/bin/../lib/gcc/aarch64-none-elf/10.1.0/../../../../aarch64-none-elf/lib/pic\libg.a(lib_a-mprec.o)
                0x000000000001f7f0                __hi0bits
 *fill*         0x000000000001f84c        0x4 
 .text.__lo0bits
                0x000000000001f850       0x9c c:/devkitpro/devkita64/bin/../lib/gcc/aarch64-none-elf/10.1.0/../../../../aarch64-none-elf/lib/pic\libg.a(lib_a-mprec.o)
                0x000000000001f850                __lo0bits
 *fill*         0x000000000001f8ec        0x4 
 .text.__i2b    0x000000000001f8f0       0x4c c:/devkitpro/devkita64/bin/../lib/gcc/aarch64-none-elf/10.1.0/../../../../aarch64-none-elf/lib/pic\libg.a(lib_a-mprec.o)
                0x000000000001f8f0                __i2b
 *fill*         0x000000000001f93c        0x4 
 .text.__multiply
                0x000000000001f940      0x1e8 c:/devkitpro/devkita64/bin/../lib/gcc/aarch64-none-elf/10.1.0/../../../../aarch64-none-elf/lib/pic\libg.a(lib_a-mprec.o)
                0x000000000001f940                __multiply
 *fill*         0x000000000001fb28        0x8 
 .text.__pow5mult
                0x000000000001fb30      0x100 c:/devkitpro/devkita64/bin/../lib/gcc/aarch64-none-elf/10.1.0/../../../../aarch64-none-elf/lib/pic\libg.a(lib_a-mprec.o)
                0x000000000001fb30                __pow5mult
 .text.__lshift
                0x000000000001fc30      0x170 c:/devkitpro/devkita64/bin/../lib/gcc/aarch64-none-elf/10.1.0/../../../../aarch64-none-elf/lib/pic\libg.a(lib_a-mprec.o)
                0x000000000001fc30                __lshift
 .text.__mcmp   0x000000000001fda0       0x50 c:/devkitpro/devkita64/bin/../lib/gcc/aarch64-none-elf/10.1.0/../../../../aarch64-none-elf/lib/pic\libg.a(lib_a-mprec.o)